Jan 29 15:44:51 cu-cs-vm rsyslogd: [origin software="rsyslogd" swVersion="8.16.0" x-pid="817" x-info="http://www.rsyslog.com"] rsyslogd was HUPed
Jan 29 15:45:00 cu-cs-vm anacron[832]: Job `cron.daily' terminated
Jan 29 15:45:00 cu-cs-vm anacron[832]: Normal exit (1 job run)
Jan 29 15:49:50 cu-cs-vm uptimed: moving up to position 11: 0 days, 00:10:13
Jan 29 15:50:42 cu-cs-vm NetworkManager[809]: <info>  [1580338242.5981] device (ens33): link disconnected (deferring action for 4 seconds)
Jan 29 15:50:42 cu-cs-vm kernel: [  664.294476] e1000: ens33 NIC Link is Down
Jan 29 15:50:47 cu-cs-vm NetworkManager[809]: <info>  [1580338247.3470] device (ens33): link disconnected (calling deferred action)
Jan 29 15:50:47 cu-cs-vm NetworkManager[809]: <info>  [1580338247.3475] device (ens33): state change: activated -> unavailable (reason 'carrier-changed') [100 20 40]
Jan 29 15:50:47 cu-cs-vm NetworkManager[809]: <info>  [1580338247.3827] dhcp4 (ens33): canceled DHCP transaction, DHCP client pid 934
Jan 29 15:50:47 cu-cs-vm NetworkManager[809]: <info>  [1580338247.3828] dhcp4 (ens33): state changed bound -> done
Jan 29 15:50:47 cu-cs-vm avahi-daemon[810]: Withdrawing address record for 172.16.134.130 on ens33.
Jan 29 15:50:47 cu-cs-vm avahi-daemon[810]: Leaving mDNS multicast group on interface ens33.IPv4 with address 172.16.134.130.
Jan 29 15:50:47 cu-cs-vm avahi-daemon[810]: Interface ens33.IPv4 no longer relevant for mDNS.
Jan 29 15:50:47 cu-cs-vm NetworkManager[809]: <info>  [1580338247.3922] dns-mgr: Writing DNS information to /sbin/resolvconf
Jan 29 15:50:47 cu-cs-vm dnsmasq[1106]: setting upstream servers from DBus
Jan 29 15:50:47 cu-cs-vm avahi-daemon[810]: Withdrawing address record for fe80::954:6856:a61b:babd on ens33.
Jan 29 15:50:47 cu-cs-vm avahi-daemon[810]: Leaving mDNS multicast group on interface ens33.IPv6 with address fe80::954:6856:a61b:babd.
Jan 29 15:50:47 cu-cs-vm avahi-daemon[810]: Interface ens33.IPv6 no longer relevant for mDNS.
Jan 29 15:50:47 cu-cs-vm NetworkManager[809]: <info>  [1580338247.4343] manager: NetworkManager state is now CONNECTED_LOCAL
Jan 29 15:50:47 cu-cs-vm NetworkManager[809]: <info>  [1580338247.4346] manager: NetworkManager state is now DISCONNECTED
Jan 29 15:50:47 cu-cs-vm dbus[799]: [system] Activating via systemd: service name='org.freedesktop.nm_dispatcher' unit='dbus-org.freedesktop.nm-dispatcher.service'
Jan 29 15:50:47 cu-cs-vm systemd[1]: Starting Network Manager Script Dispatcher Service...
Jan 29 15:50:47 cu-cs-vm dbus[799]: [system] Successfully activated service 'org.freedesktop.nm_dispatcher'
Jan 29 15:50:47 cu-cs-vm systemd[1]: Started Network Manager Script Dispatcher Service.
Jan 29 15:50:47 cu-cs-vm nm-dispatcher: req:1 'down' [ens33]: new request (1 scripts)
Jan 29 15:50:47 cu-cs-vm nm-dispatcher: req:1 'down' [ens33]: start running ordered scripts...
Jan 29 15:50:48 cu-cs-vm kernel: [  670.344729] e1000: ens33 NIC Link is Up 1000 Mbps Full Duplex, Flow Control: None
Jan 29 15:50:48 cu-cs-vm NetworkManager[809]: <info>  [1580338248.6482] device (ens33): link connected
Jan 29 15:50:48 cu-cs-vm NetworkManager[809]: <info>  [1580338248.6488] device (ens33): state change: unavailable -> disconnected (reason 'carrier-changed') [20 30 40]
Jan 29 15:50:48 cu-cs-vm NetworkManager[809]: <info>  [1580338248.6578] policy: auto-activating connection 'Wired connection 1'
Jan 29 15:50:48 cu-cs-vm NetworkManager[809]: <info>  [1580338248.6591] device (ens33): Activation: starting connection 'Wired connection 1' (0131d2bd-13cd-3db3-9171-755ab617b282)
Jan 29 15:50:48 cu-cs-vm NetworkManager[809]: <info>  [1580338248.6594] device (ens33): state change: disconnected -> prepare (reason 'none') [30 40 0]
Jan 29 15:50:48 cu-cs-vm NetworkManager[809]: <info>  [1580338248.6596] manager: NetworkManager state is now CONNECTING
Jan 29 15:50:48 cu-cs-vm NetworkManager[809]: <info>  [1580338248.6607] device (ens33): state change: prepare -> config (reason 'none') [40 50 0]
Jan 29 15:50:48 cu-cs-vm NetworkManager[809]: <info>  [1580338248.6657] device (ens33): state change: config -> ip-config (reason 'none') [50 70 0]
Jan 29 15:50:48 cu-cs-vm NetworkManager[809]: <info>  [1580338248.6660] dhcp4 (ens33): activation: beginning transaction (timeout in 45 seconds)
Jan 29 15:50:48 cu-cs-vm NetworkManager[809]: <info>  [1580338248.6679] dhcp4 (ens33): dhclient started with pid 2700
Jan 29 15:50:48 cu-cs-vm dhclient[2700]: DHCPREQUEST of 172.16.134.130 on ens33 to 255.255.255.255 port 67 (xid=0x3f646b9d)
Jan 29 15:50:48 cu-cs-vm dhclient[2700]: DHCPACK of 172.16.134.130 from 172.16.134.254
Jan 29 15:50:48 cu-cs-vm NetworkManager[809]: <info>  [1580338248.7155]   address 172.16.134.130
Jan 29 15:50:48 cu-cs-vm NetworkManager[809]: <info>  [1580338248.7158]   plen 24 (255.255.255.0)
Jan 29 15:50:48 cu-cs-vm NetworkManager[809]: <info>  [1580338248.7162]   gateway 172.16.134.2
Jan 29 15:50:48 cu-cs-vm NetworkManager[809]: <info>  [1580338248.7165]   server identifier 172.16.134.254
Jan 29 15:50:48 cu-cs-vm NetworkManager[809]: <info>  [1580338248.7168]   lease time 1800
Jan 29 15:50:48 cu-cs-vm NetworkManager[809]: <info>  [1580338248.7170]   nameserver '172.16.134.2'
Jan 29 15:50:48 cu-cs-vm NetworkManager[809]: <info>  [1580338248.7173]   domain name 'localdomain'
Jan 29 15:50:48 cu-cs-vm NetworkManager[809]: <info>  [1580338248.7175]   wins '172.16.134.2'
Jan 29 15:50:48 cu-cs-vm NetworkManager[809]: <info>  [1580338248.7177] dhcp4 (ens33): state changed unknown -> bound
Jan 29 15:50:48 cu-cs-vm avahi-daemon[810]: Joining mDNS multicast group on interface ens33.IPv4 with address 172.16.134.130.
Jan 29 15:50:48 cu-cs-vm avahi-daemon[810]: New relevant interface ens33.IPv4 for mDNS.
Jan 29 15:50:48 cu-cs-vm avahi-daemon[810]: Registering new address record for 172.16.134.130 on ens33.IPv4.
Jan 29 15:50:48 cu-cs-vm NetworkManager[809]: <info>  [1580338248.7260] device (ens33): state change: ip-config -> ip-check (reason 'none') [70 80 0]
Jan 29 15:50:48 cu-cs-vm NetworkManager[809]: <info>  [1580338248.7266] device (ens33): state change: ip-check -> secondaries (reason 'none') [80 90 0]
Jan 29 15:50:48 cu-cs-vm NetworkManager[809]: <info>  [1580338248.7268] device (ens33): state change: secondaries -> activated (reason 'none') [90 100 0]
Jan 29 15:50:48 cu-cs-vm NetworkManager[809]: <info>  [1580338248.7269] manager: NetworkManager state is now CONNECTED_LOCAL
Jan 29 15:50:48 cu-cs-vm dhclient[2700]: bound to 172.16.134.130 -- renewal in 720 seconds.
Jan 29 15:50:48 cu-cs-vm NetworkManager[809]: <info>  [1580338248.7384] manager: NetworkManager state is now CONNECTED_GLOBAL
Jan 29 15:50:48 cu-cs-vm NetworkManager[809]: <info>  [1580338248.7391] policy: set 'Wired connection 1' (ens33) as default for IPv4 routing and DNS
Jan 29 15:50:48 cu-cs-vm NetworkManager[809]: <info>  [1580338248.7398] dns-mgr: Writing DNS information to /sbin/resolvconf
Jan 29 15:50:48 cu-cs-vm dnsmasq[1106]: setting upstream servers from DBus
Jan 29 15:50:48 cu-cs-vm dnsmasq[1106]: using nameserver 172.16.134.2#53(via ens33)
Jan 29 15:50:49 cu-cs-vm NetworkManager[809]: <info>  [1580338249.5889] device (ens33): Activation: successful, device activated.
Jan 29 15:50:49 cu-cs-vm nm-dispatcher: req:2 'up' [ens33]: new request (1 scripts)
Jan 29 15:50:49 cu-cs-vm nm-dispatcher: req:2 'up' [ens33]: start running ordered scripts...
Jan 29 15:50:49 cu-cs-vm systemd[1]: Reloading OpenBSD Secure Shell server.
Jan 29 15:50:49 cu-cs-vm systemd[1]: Reloaded OpenBSD Secure Shell server.
Jan 29 15:50:49 cu-cs-vm systemd[1]: Reloading OpenBSD Secure Shell server.
Jan 29 15:50:49 cu-cs-vm systemd[1]: Reloaded OpenBSD Secure Shell server.
Jan 29 15:50:50 cu-cs-vm avahi-daemon[810]: Joining mDNS multicast group on interface ens33.IPv6 with address fe80::954:6856:a61b:babd.
Jan 29 15:50:50 cu-cs-vm avahi-daemon[810]: New relevant interface ens33.IPv6 for mDNS.
Jan 29 15:50:50 cu-cs-vm avahi-daemon[810]: Registering new address record for fe80::954:6856:a61b:babd on ens33.*.
Jan 29 15:50:52 cu-cs-vm whoopsie[1321]: [15:50:52] offline
Jan 29 15:50:52 cu-cs-vm whoopsie[1321]: [15:50:52] The default IPv4 route is: /org/freedesktop/NetworkManager/ActiveConnection/1
Jan 29 15:50:52 cu-cs-vm whoopsie[1321]: [15:50:52] Not a paid data plan: /org/freedesktop/NetworkManager/ActiveConnection/1
Jan 29 15:50:52 cu-cs-vm whoopsie[1321]: [15:50:52] Found usable connection: /org/freedesktop/NetworkManager/ActiveConnection/1
Jan 29 15:50:52 cu-cs-vm whoopsie[1321]: [15:50:52] online
Jan 29 15:54:50 cu-cs-vm systemd[1]: Starting Cleanup of Temporary Directories...
Jan 29 15:54:54 cu-cs-vm systemd-tmpfiles[14820]: [/usr/lib/tmpfiles.d/var.conf:14] Duplicate line for path "/var/log", ignoring.
Jan 29 15:54:55 cu-cs-vm systemd[1]: Started Cleanup of Temporary Directories.
Jan 29 17:32:39 cu-cs-vm systemd[1]: Time has been changed
Jan 29 17:32:39 cu-cs-vm systemd[954]: Time has been changed
Jan 29 17:35:36 cu-cs-vm uptimed: moving up to position 10: 0 days, 00:20:13
Jan 29 17:38:34 cu-cs-vm NetworkManager[809]: <info>  [1580344714.8588] dhcp4 (ens33): state changed bound -> expire
Jan 29 17:38:34 cu-cs-vm NetworkManager[809]: <info>  [1580344714.9079] dhcp4 (ens33): canceled DHCP transaction, DHCP client pid 2700
Jan 29 17:38:34 cu-cs-vm NetworkManager[809]: <info>  [1580344714.9085] dhcp4 (ens33): state changed expire -> done
Jan 29 17:38:34 cu-cs-vm NetworkManager[809]: <info>  [1580344714.9251] device (ens33): state change: activated -> failed (reason 'ip-config-expired') [100 120 6]
Jan 29 17:38:34 cu-cs-vm NetworkManager[809]: <info>  [1580344714.9372] manager: NetworkManager state is now CONNECTED_LOCAL
Jan 29 17:38:34 cu-cs-vm NetworkManager[809]: <info>  [1580344714.9379] manager: NetworkManager state is now DISCONNECTED
Jan 29 17:38:34 cu-cs-vm NetworkManager[809]: <warn>  [1580344714.9539] device (ens33): Activation: failed for connection 'Wired connection 1'
Jan 29 17:38:34 cu-cs-vm NetworkManager[809]: <info>  [1580344714.9680] device (ens33): state change: failed -> disconnected (reason 'none') [120 30 0]
Jan 29 17:38:34 cu-cs-vm avahi-daemon[810]: Withdrawing address record for fe80::954:6856:a61b:babd on ens33.
Jan 29 17:38:34 cu-cs-vm avahi-daemon[810]: Leaving mDNS multicast group on interface ens33.IPv6 with address fe80::954:6856:a61b:babd.
Jan 29 17:38:34 cu-cs-vm avahi-daemon[810]: Interface ens33.IPv6 no longer relevant for mDNS.
Jan 29 17:38:34 cu-cs-vm avahi-daemon[810]: Withdrawing address record for 172.16.134.130 on ens33.
Jan 29 17:38:34 cu-cs-vm avahi-daemon[810]: Leaving mDNS multicast group on interface ens33.IPv4 with address 172.16.134.130.
Jan 29 17:38:34 cu-cs-vm NetworkManager[809]: <info>  [1580344714.9944] dns-mgr: Writing DNS information to /sbin/resolvconf
Jan 29 17:38:34 cu-cs-vm avahi-daemon[810]: Interface ens33.IPv4 no longer relevant for mDNS.
Jan 29 17:38:35 cu-cs-vm dbus[799]: [system] Activating via systemd: service name='org.freedesktop.nm_dispatcher' unit='dbus-org.freedesktop.nm-dispatcher.service'
Jan 29 17:38:35 cu-cs-vm dnsmasq[1106]: setting upstream servers from DBus
Jan 29 17:38:35 cu-cs-vm systemd[1]: Starting Network Manager Script Dispatcher Service...
Jan 29 17:38:35 cu-cs-vm dbus[799]: [system] Successfully activated service 'org.freedesktop.nm_dispatcher'
Jan 29 17:38:35 cu-cs-vm systemd[1]: Started Network Manager Script Dispatcher Service.
Jan 29 17:38:35 cu-cs-vm nm-dispatcher: req:1 'down' [ens33]: new request (1 scripts)
Jan 29 17:38:35 cu-cs-vm nm-dispatcher: req:1 'down' [ens33]: start running ordered scripts...
Jan 29 17:38:35 cu-cs-vm NetworkManager[809]: <info>  [1580344715.5295] policy: auto-activating connection 'Wired connection 1'
Jan 29 17:38:35 cu-cs-vm NetworkManager[809]: <info>  [1580344715.5329] device (ens33): Activation: starting connection 'Wired connection 1' (0131d2bd-13cd-3db3-9171-755ab617b282)
Jan 29 17:38:35 cu-cs-vm NetworkManager[809]: <info>  [1580344715.5336] device (ens33): state change: disconnected -> prepare (reason 'none') [30 40 0]
Jan 29 17:38:35 cu-cs-vm NetworkManager[809]: <info>  [1580344715.5341] manager: NetworkManager state is now CONNECTING
Jan 29 17:38:35 cu-cs-vm NetworkManager[809]: <info>  [1580344715.5373] device (ens33): state change: prepare -> config (reason 'none') [40 50 0]
Jan 29 17:38:35 cu-cs-vm NetworkManager[809]: <info>  [1580344715.5579] device (ens33): state change: config -> ip-config (reason 'none') [50 70 0]
Jan 29 17:38:35 cu-cs-vm NetworkManager[809]: <info>  [1580344715.5609] dhcp4 (ens33): activation: beginning transaction (timeout in 45 seconds)
Jan 29 17:38:35 cu-cs-vm NetworkManager[809]: <info>  [1580344715.5768] dhcp4 (ens33): dhclient started with pid 51941
Jan 29 17:38:35 cu-cs-vm dhclient[51941]: DHCPDISCOVER on ens33 to 255.255.255.255 port 67 interval 3 (xid=0xabf1b54e)
Jan 29 17:38:36 cu-cs-vm dhclient[51941]: DHCPREQUEST of 172.16.134.130 on ens33 to 255.255.255.255 port 67 (xid=0x4eb5f1ab)
Jan 29 17:38:36 cu-cs-vm dhclient[51941]: DHCPOFFER of 172.16.134.130 from 172.16.134.254
Jan 29 17:38:36 cu-cs-vm dhclient[51941]: DHCPACK of 172.16.134.130 from 172.16.134.254
Jan 29 17:38:36 cu-cs-vm NetworkManager[809]: <info>  [1580344716.2027]   address 172.16.134.130
Jan 29 17:38:36 cu-cs-vm NetworkManager[809]: <info>  [1580344716.2027]   plen 24 (255.255.255.0)
Jan 29 17:38:36 cu-cs-vm NetworkManager[809]: <info>  [1580344716.2027]   gateway 172.16.134.2
Jan 29 17:38:36 cu-cs-vm NetworkManager[809]: <info>  [1580344716.2027]   server identifier 172.16.134.254
Jan 29 17:38:36 cu-cs-vm NetworkManager[809]: <info>  [1580344716.2028]   lease time 1800
Jan 29 17:38:36 cu-cs-vm NetworkManager[809]: <info>  [1580344716.2028]   nameserver '172.16.134.2'
Jan 29 17:38:36 cu-cs-vm NetworkManager[809]: <info>  [1580344716.2028]   domain name 'localdomain'
Jan 29 17:38:36 cu-cs-vm NetworkManager[809]: <info>  [1580344716.2028]   wins '172.16.134.2'
Jan 29 17:38:36 cu-cs-vm NetworkManager[809]: <info>  [1580344716.2028] dhcp4 (ens33): state changed unknown -> bound
Jan 29 17:38:36 cu-cs-vm avahi-daemon[810]: Joining mDNS multicast group on interface ens33.IPv4 with address 172.16.134.130.
Jan 29 17:38:36 cu-cs-vm NetworkManager[809]: <info>  [1580344716.2078] device (ens33): state change: ip-config -> ip-check (reason 'none') [70 80 0]
Jan 29 17:38:36 cu-cs-vm NetworkManager[809]: <info>  [1580344716.2088] device (ens33): state change: ip-check -> secondaries (reason 'none') [80 90 0]
Jan 29 17:38:36 cu-cs-vm avahi-daemon[810]: New relevant interface ens33.IPv4 for mDNS.
Jan 29 17:38:36 cu-cs-vm avahi-daemon[810]: Registering new address record for 172.16.134.130 on ens33.IPv4.
Jan 29 17:38:36 cu-cs-vm NetworkManager[809]: <info>  [1580344716.2251] device (ens33): state change: secondaries -> activated (reason 'none') [90 100 0]
Jan 29 17:38:36 cu-cs-vm NetworkManager[809]: <info>  [1580344716.2259] manager: NetworkManager state is now CONNECTED_LOCAL
Jan 29 17:38:36 cu-cs-vm dhclient[51941]: bound to 172.16.134.130 -- renewal in 790 seconds.
Jan 29 17:38:36 cu-cs-vm NetworkManager[809]: <info>  [1580344716.2360] manager: NetworkManager state is now CONNECTED_GLOBAL
Jan 29 17:38:36 cu-cs-vm NetworkManager[809]: <info>  [1580344716.2378] policy: set 'Wired connection 1' (ens33) as default for IPv4 routing and DNS
Jan 29 17:38:36 cu-cs-vm NetworkManager[809]: <info>  [1580344716.2498] dns-mgr: Writing DNS information to /sbin/resolvconf
Jan 29 17:38:36 cu-cs-vm dnsmasq[1106]: setting upstream servers from DBus
Jan 29 17:38:36 cu-cs-vm dnsmasq[1106]: using nameserver 172.16.134.2#53(via ens33)
Jan 29 17:38:36 cu-cs-vm avahi-daemon[810]: Joining mDNS multicast group on interface ens33.IPv6 with address fe80::954:6856:a61b:babd.
Jan 29 17:38:36 cu-cs-vm avahi-daemon[810]: New relevant interface ens33.IPv6 for mDNS.
Jan 29 17:38:36 cu-cs-vm avahi-daemon[810]: Registering new address record for fe80::954:6856:a61b:babd on ens33.*.
Jan 29 17:38:37 cu-cs-vm NetworkManager[809]: <info>  [1580344717.2408] device (ens33): Activation: successful, device activated.
Jan 29 17:38:37 cu-cs-vm nm-dispatcher: req:2 'up' [ens33]: new request (1 scripts)
Jan 29 17:38:37 cu-cs-vm nm-dispatcher: req:2 'up' [ens33]: start running ordered scripts...
Jan 29 17:38:37 cu-cs-vm systemd[1]: Reloading OpenBSD Secure Shell server.
Jan 29 17:38:37 cu-cs-vm systemd[1]: Reloaded OpenBSD Secure Shell server.
Jan 29 17:38:37 cu-cs-vm systemd[1]: Reloading OpenBSD Secure Shell server.
Jan 29 17:38:37 cu-cs-vm systemd[1]: Reloaded OpenBSD Secure Shell server.
Jan 29 17:38:40 cu-cs-vm whoopsie[1321]: [17:38:40] offline
Jan 29 17:38:40 cu-cs-vm whoopsie[1321]: [17:38:40] The default IPv4 route is: /org/freedesktop/NetworkManager/ActiveConnection/2
Jan 29 17:38:40 cu-cs-vm whoopsie[1321]: [17:38:40] Not a paid data plan: /org/freedesktop/NetworkManager/ActiveConnection/2
Jan 29 17:38:40 cu-cs-vm whoopsie[1321]: [17:38:40] Found usable connection: /org/freedesktop/NetworkManager/ActiveConnection/2
Jan 29 17:38:40 cu-cs-vm whoopsie[1321]: [17:38:40] online
Jan 29 17:41:47 cu-cs-vm kernel: [ 1583.088881] SGI XFS with ACLs, security attributes, realtime, no debug enabled
Jan 29 17:41:47 cu-cs-vm kernel: [ 1583.263695] JFS: nTxBlock = 8192, nTxLock = 65536
Jan 29 17:41:47 cu-cs-vm kernel: [ 1583.334888] ntfs: driver 2.1.32 [Flags: R/O MODULE].
Jan 29 17:41:47 cu-cs-vm kernel: [ 1583.487830] QNX4 filesystem 0.2.3 registered.
Jan 29 17:41:47 cu-cs-vm kernel: [ 1583.579469] raid6: sse2x1   gen()  8398 MB/s
Jan 29 17:41:47 cu-cs-vm kernel: [ 1583.627474] raid6: sse2x1   xor()  5678 MB/s
Jan 29 17:41:47 cu-cs-vm kernel: [ 1583.675480] raid6: sse2x2   gen()  9888 MB/s
Jan 29 17:41:47 cu-cs-vm kernel: [ 1583.723486] raid6: sse2x2   xor()  6890 MB/s
Jan 29 17:41:47 cu-cs-vm kernel: [ 1583.771510] raid6: sse2x4   gen() 11742 MB/s
Jan 29 17:41:47 cu-cs-vm kernel: [ 1583.819502] raid6: sse2x4   xor()  7355 MB/s
Jan 29 17:41:47 cu-cs-vm kernel: [ 1583.867514] raid6: avx2x1   gen() 16762 MB/s
Jan 29 17:41:47 cu-cs-vm kernel: [ 1583.915508] raid6: avx2x1   xor() 13105 MB/s
Jan 29 17:41:47 cu-cs-vm kernel: [ 1583.963521] raid6: avx2x2   gen() 22565 MB/s
Jan 29 17:41:47 cu-cs-vm kernel: [ 1584.011527] raid6: avx2x2   xor() 15611 MB/s
Jan 29 17:41:47 cu-cs-vm kernel: [ 1584.059536] raid6: avx2x4   gen() 22630 MB/s
Jan 29 17:41:47 cu-cs-vm kernel: [ 1584.107541] raid6: avx2x4   xor() 16956 MB/s
Jan 29 17:41:47 cu-cs-vm kernel: [ 1584.107543] raid6: using algorithm avx2x4 gen() 22630 MB/s
Jan 29 17:41:47 cu-cs-vm kernel: [ 1584.107543] raid6: .... xor() 16956 MB/s, rmw enabled
Jan 29 17:41:47 cu-cs-vm kernel: [ 1584.107544] raid6: using avx2x2 recovery algorithm
Jan 29 17:41:47 cu-cs-vm kernel: [ 1584.112037] xor: automatically using best checksumming function   avx       
Jan 29 17:41:48 cu-cs-vm kernel: [ 1584.237326] Btrfs loaded, crc32c=crc32c-intel
Jan 29 17:41:48 cu-cs-vm os-prober: debug: /dev/sda2: DOS extended partition; skipping
Jan 29 17:41:48 cu-cs-vm os-prober: debug: /dev/sda5: is active swap
Jan 29 17:42:05 cu-cs-vm systemd[1]: Stopping Authentication service for virtual machines hosted on VMware...
Jan 29 17:42:05 cu-cs-vm systemd[1]: Stopping Service for virtual machines hosted on VMware...
Jan 29 17:42:05 cu-cs-vm systemd[1]: Stopping Daemon for power management...
Jan 29 17:42:05 cu-cs-vm systemd[1]: Stopping RealtimeKit Scheduling Policy Service...
Jan 29 17:42:05 cu-cs-vm systemd[1]: Stopping ACPI event daemon...
Jan 29 17:42:05 cu-cs-vm systemd[1]: Stopped target Timers.
Jan 29 17:42:05 cu-cs-vm systemd[1]: Stopped Daily Cleanup of Temporary Directories.
Jan 29 17:42:05 cu-cs-vm systemd[1]: Stopped Daily apt upgrade and clean activities.
Jan 29 17:42:05 cu-cs-vm systemd[1]: Stopped target Graphical Interface.
Jan 29 17:42:05 cu-cs-vm systemd[1]: Stopping Light Display Manager...
Jan 29 17:42:05 cu-cs-vm systemd[1]: Stopped target Multi-User System.
Jan 29 17:42:05 cu-cs-vm systemd[1]: Stopping Unattended Upgrades Shutdown...
Jan 29 17:42:05 cu-cs-vm systemd[1]: Stopping System Logging Service...
Jan 29 17:42:05 cu-cs-vm systemd[1]: Stopped Wait until snapd is fully seeded.
Jan 29 17:42:05 cu-cs-vm systemd[1]: Stopping Regular background program processing daemon...
Jan 29 17:42:05 cu-cs-vm rsyslogd: [origin software="rsyslogd" swVersion="8.16.0" x-pid="817" x-info="http://www.rsyslog.com"] exiting on signal 15.
Jan 29 17:42:40 cu-cs-vm rsyslogd: [origin software="rsyslogd" swVersion="8.16.0" x-pid="749" x-info="http://www.rsyslog.com"] start
Jan 29 17:42:40 cu-cs-vm rsyslogd-2222: command 'KLogPermitNonKernelFacility' is currently not permitted - did you already set it via a RainerScript command (v6+ config)? [v8.16.0 try http://www.rsyslog.com/e/2222 ]
Jan 29 17:42:40 cu-cs-vm rsyslogd: rsyslogd's groupid changed to 108
Jan 29 17:42:40 cu-cs-vm rsyslogd: rsyslogd's userid changed to 104
Jan 29 17:42:40 cu-cs-vm rsyslogd-2039: Could not open output pipe '/dev/xconsole':: No such file or directory [v8.16.0 try http://www.rsyslog.com/e/2039 ]
Jan 29 17:42:40 cu-cs-vm rsyslogd-2007: action 'action 10' suspended, next retry is Wed Jan 29 17:43:10 2020 [v8.16.0 try http://www.rsyslog.com/e/2007 ]
Jan 29 17:42:40 cu-cs-vm kernel: [    0.000000] Linux version 4.15.18kernelCustom (root@cu-cs-vm) (gcc version 5.4.0 20160609 (Ubuntu 5.4.0-6ubuntu1~16.04.10)) #5 SMP Wed Jan 29 15:54:01 MST 2020 (Ubuntu 4.15.0-33.36~16.04.1-generic 4.15.18)
Jan 29 17:42:40 cu-cs-vm kernel: [    0.000000] Command line: BOOT_IMAGE=/boot/vmlinuz-4.15.18kernelCustom root=UUID=a7adc8c1-e02a-478b-93ad-c06e060e0176 ro
Jan 29 17:42:40 cu-cs-vm kernel: [    0.000000] KERNEL supported cpus:
Jan 29 17:42:40 cu-cs-vm kernel: [    0.000000]   Intel GenuineIntel
Jan 29 17:42:40 cu-cs-vm kernel: [    0.000000]   AMD AuthenticAMD
Jan 29 17:42:40 cu-cs-vm kernel: [    0.000000]   Centaur CentaurHauls
Jan 29 17:42:40 cu-cs-vm kernel: [    0.000000] Disabled fast string operations
Jan 29 17:42:40 cu-cs-vm kernel: [    0.000000] x86/fpu: Supporting XSAVE feature 0x001: 'x87 floating point registers'
Jan 29 17:42:40 cu-cs-vm kernel: [    0.000000] x86/fpu: Supporting XSAVE feature 0x002: 'SSE registers'
Jan 29 17:42:40 cu-cs-vm kernel: [    0.000000] x86/fpu: Supporting XSAVE feature 0x004: 'AVX registers'
Jan 29 17:42:40 cu-cs-vm kernel: [    0.000000] x86/fpu: xstate_offset[2]:  576, xstate_sizes[2]:  256
Jan 29 17:42:40 cu-cs-vm kernel: [    0.000000] x86/fpu: Enabled xstate features 0x7, context size is 832 bytes, using 'standard' format.
Jan 29 17:42:40 cu-cs-vm kernel: [    0.000000] e820: BIOS-provided physical RAM map:
Jan 29 17:42:40 cu-cs-vm kernel: [    0.000000] BIOS-e820: [mem 0x0000000000000000-0x000000000009e7ff] usable
Jan 29 17:42:40 cu-cs-vm kernel: [    0.000000] BIOS-e820: [mem 0x000000000009e800-0x000000000009ffff] reserved
Jan 29 17:42:40 cu-cs-vm kernel: [    0.000000] BIOS-e820: [mem 0x00000000000dc000-0x00000000000fffff] reserved
Jan 29 17:42:40 cu-cs-vm kernel: [    0.000000] BIOS-e820: [mem 0x0000000000100000-0x000000007fedffff] usable
Jan 29 17:42:40 cu-cs-vm kernel: [    0.000000] BIOS-e820: [mem 0x000000007fee0000-0x000000007fefefff] ACPI data
Jan 29 17:42:40 cu-cs-vm kernel: [    0.000000] BIOS-e820: [mem 0x000000007feff000-0x000000007fefffff] ACPI NVS
Jan 29 17:42:40 cu-cs-vm kernel: [    0.000000] BIOS-e820: [mem 0x000000007ff00000-0x000000007fffffff] usable
Jan 29 17:42:40 cu-cs-vm kernel: [    0.000000] BIOS-e820: [mem 0x00000000f0000000-0x00000000f7ffffff] reserved
Jan 29 17:42:40 cu-cs-vm kernel: [    0.000000] BIOS-e820: [mem 0x00000000fec00000-0x00000000fec0ffff] reserved
Jan 29 17:42:40 cu-cs-vm kernel: [    0.000000] BIOS-e820: [mem 0x00000000fee00000-0x00000000fee00fff] reserved
Jan 29 17:42:40 cu-cs-vm kernel: [    0.000000] BIOS-e820: [mem 0x00000000fffe0000-0x00000000ffffffff] reserved
Jan 29 17:42:40 cu-cs-vm kernel: [    0.000000] NX (Execute Disable) protection: active
Jan 29 17:42:40 cu-cs-vm kernel: [    0.000000] SMBIOS 2.7 present.
Jan 29 17:42:40 cu-cs-vm kernel: [    0.000000] DMI: VMware, Inc. VMware Virtual Platform/440BX Desktop Reference Platform, BIOS 6.00 07/29/2019
Jan 29 17:42:40 cu-cs-vm kernel: [    0.000000] Hypervisor detected: VMware
Jan 29 17:42:40 cu-cs-vm kernel: [    0.000000] vmware: TSC freq read from hypervisor : 1606.965 MHz
Jan 29 17:42:40 cu-cs-vm kernel: [    0.000000] vmware: Host bus clock speed read from hypervisor : 66000000 Hz
Jan 29 17:42:40 cu-cs-vm kernel: [    0.000000] vmware: using sched offset of 21738908608 ns
Jan 29 17:42:40 cu-cs-vm kernel: [    0.000000] e820: update [mem 0x00000000-0x00000fff] usable ==> reserved
Jan 29 17:42:40 cu-cs-vm kernel: [    0.000000] e820: remove [mem 0x000a0000-0x000fffff] usable
Jan 29 17:42:40 cu-cs-vm kernel: [    0.000000] e820: last_pfn = 0x80000 max_arch_pfn = 0x400000000
Jan 29 17:42:40 cu-cs-vm kernel: [    0.000000] MTRR default type: uncachable
Jan 29 17:42:40 cu-cs-vm kernel: [    0.000000] MTRR fixed ranges enabled:
Jan 29 17:42:40 cu-cs-vm kernel: [    0.000000]   00000-9FFFF write-back
Jan 29 17:42:40 cu-cs-vm kernel: [    0.000000]   A0000-BFFFF uncachable
Jan 29 17:42:40 cu-cs-vm kernel: [    0.000000]   C0000-C7FFF write-protect
Jan 29 17:42:40 cu-cs-vm kernel: [    0.000000]   C8000-CBFFF write-back
Jan 29 17:42:40 cu-cs-vm kernel: [    0.000000]   CC000-EFFFF uncachable
Jan 29 17:42:40 cu-cs-vm kernel: [    0.000000]   F0000-FFFFF write-protect
Jan 29 17:42:40 cu-cs-vm kernel: [    0.000000] MTRR variable ranges enabled:
Jan 29 17:42:40 cu-cs-vm kernel: [    0.000000]   0 base 00000000000 mask 3FF00000000 write-back
Jan 29 17:42:40 cu-cs-vm kernel: [    0.000000]   1 base 000C0000000 mask 3FFC0000000 uncachable
Jan 29 17:42:40 cu-cs-vm kernel: [    0.000000]   2 disabled
Jan 29 17:42:40 cu-cs-vm kernel: [    0.000000]   3 disabled
Jan 29 17:42:40 cu-cs-vm kernel: [    0.000000]   4 disabled
Jan 29 17:42:40 cu-cs-vm kernel: [    0.000000]   5 disabled
Jan 29 17:42:40 cu-cs-vm kernel: [    0.000000]   6 disabled
Jan 29 17:42:40 cu-cs-vm kernel: [    0.000000]   7 disabled
Jan 29 17:42:40 cu-cs-vm kernel: [    0.000000] x86/PAT: Configuration [0-7]: WB  WC  UC- UC  WB  WP  UC- WT  
Jan 29 17:42:40 cu-cs-vm kernel: [    0.000000] total RAM covered: 3072M
Jan 29 17:42:40 cu-cs-vm kernel: [    0.000000] Found optimal setting for mtrr clean up
Jan 29 17:42:40 cu-cs-vm kernel: [    0.000000]  gran_size: 64K 	chunk_size: 64K 	num_reg: 2  	lose cover RAM: 0G
Jan 29 17:42:40 cu-cs-vm kernel: [    0.000000] found SMP MP-table at [mem 0x000f6a70-0x000f6a7f]
Jan 29 17:42:40 cu-cs-vm kernel: [    0.000000] Scanning 1 areas for low memory corruption
Jan 29 17:42:40 cu-cs-vm kernel: [    0.000000] Using GB pages for direct mapping
Jan 29 17:42:40 cu-cs-vm kernel: [    0.000000] BRK [0x1af8f000, 0x1af8ffff] PGTABLE
Jan 29 17:42:40 cu-cs-vm kernel: [    0.000000] BRK [0x1af90000, 0x1af90fff] PGTABLE
Jan 29 17:42:40 cu-cs-vm kernel: [    0.000000] BRK [0x1af91000, 0x1af91fff] PGTABLE
Jan 29 17:42:40 cu-cs-vm kernel: [    0.000000] BRK [0x1af92000, 0x1af92fff] PGTABLE
Jan 29 17:42:40 cu-cs-vm kernel: [    0.000000] BRK [0x1af93000, 0x1af93fff] PGTABLE
Jan 29 17:42:40 cu-cs-vm kernel: [    0.000000] BRK [0x1af94000, 0x1af94fff] PGTABLE
Jan 29 17:42:40 cu-cs-vm kernel: [    0.000000] RAMDISK: [mem 0x1cfa9000-0x37feffff]
Jan 29 17:42:40 cu-cs-vm kernel: [    0.000000] ACPI: Early table checksum verification disabled
Jan 29 17:42:40 cu-cs-vm kernel: [    0.000000] ACPI: RSDP 0x00000000000F6A00 000024 (v02 PTLTD )
Jan 29 17:42:40 cu-cs-vm kernel: [    0.000000] ACPI: XSDT 0x000000007FEE969F 000054 (v01 INTEL  440BX    06040000 VMW  01324272)
Jan 29 17:42:40 cu-cs-vm kernel: [    0.000000] ACPI: FACP 0x000000007FEFEE73 0000F4 (v04 INTEL  440BX    06040000 PTL  000F4240)
Jan 29 17:42:40 cu-cs-vm kernel: [    0.000000] ACPI: DSDT 0x000000007FEEAD55 01411E (v01 PTLTD  Custom   06040000 MSFT 03000001)
Jan 29 17:42:40 cu-cs-vm kernel: [    0.000000] ACPI: FACS 0x000000007FEFFFC0 000040
Jan 29 17:42:40 cu-cs-vm kernel: [    0.000000] ACPI: FACS 0x000000007FEFFFC0 000040
Jan 29 17:42:40 cu-cs-vm kernel: [    0.000000] ACPI: BOOT 0x000000007FEEAD2D 000028 (v01 PTLTD  $SBFTBL$ 06040000  LTP 00000001)
Jan 29 17:42:40 cu-cs-vm kernel: [    0.000000] ACPI: APIC 0x000000007FEEA5EB 000742 (v01 PTLTD  ? APIC   06040000  LTP 00000000)
Jan 29 17:42:40 cu-cs-vm kernel: [    0.000000] ACPI: MCFG 0x000000007FEEA5AF 00003C (v01 PTLTD  $PCITBL$ 06040000  LTP 00000001)
Jan 29 17:42:40 cu-cs-vm kernel: [    0.000000] ACPI: SRAT 0x000000007FEE9757 0008A8 (v02 VMWARE MEMPLUG  06040000 VMW  00000001)
Jan 29 17:42:40 cu-cs-vm kernel: [    0.000000] ACPI: WAET 0x000000007FEE972F 000028 (v01 VMWARE VMW WAET 06040000 VMW  00000001)
Jan 29 17:42:40 cu-cs-vm kernel: [    0.000000] ACPI: Local APIC address 0xfee00000
Jan 29 17:42:40 cu-cs-vm kernel: [    0.000000] system APIC only can use physical flat
Jan 29 17:42:40 cu-cs-vm kernel: [    0.000000] Setting APIC routing to physical flat.
Jan 29 17:42:40 cu-cs-vm kernel: [    0.000000] SRAT: PXM 0 -> APIC 0x00 -> Node 0
Jan 29 17:42:40 cu-cs-vm kernel: [    0.000000] SRAT: PXM 0 -> APIC 0x02 -> Node 0
Jan 29 17:42:40 cu-cs-vm kernel: [    0.000000] SRAT: PXM 0 -> APIC 0x04 -> Node 0
Jan 29 17:42:40 cu-cs-vm kernel: [    0.000000] SRAT: PXM 0 -> APIC 0x06 -> Node 0
Jan 29 17:42:40 cu-cs-vm kernel: [    0.000000] SRAT: PXM 0 -> APIC 0x08 -> Node 0
Jan 29 17:42:40 cu-cs-vm kernel: [    0.000000] SRAT: PXM 0 -> APIC 0x0a -> Node 0
Jan 29 17:42:40 cu-cs-vm kernel: [    0.000000] SRAT: PXM 0 -> APIC 0x0c -> Node 0
Jan 29 17:42:40 cu-cs-vm kernel: [    0.000000] SRAT: PXM 0 -> APIC 0x0e -> Node 0
Jan 29 17:42:40 cu-cs-vm kernel: [    0.000000] SRAT: PXM 0 -> APIC 0x10 -> Node 0
Jan 29 17:42:40 cu-cs-vm kernel: [    0.000000] SRAT: PXM 0 -> APIC 0x12 -> Node 0
Jan 29 17:42:40 cu-cs-vm kernel: [    0.000000] SRAT: PXM 0 -> APIC 0x14 -> Node 0
Jan 29 17:42:40 cu-cs-vm kernel: [    0.000000] SRAT: PXM 0 -> APIC 0x16 -> Node 0
Jan 29 17:42:40 cu-cs-vm kernel: [    0.000000] SRAT: PXM 0 -> APIC 0x18 -> Node 0
Jan 29 17:42:40 cu-cs-vm kernel: [    0.000000] SRAT: PXM 0 -> APIC 0x1a -> Node 0
Jan 29 17:42:40 cu-cs-vm kernel: [    0.000000] SRAT: PXM 0 -> APIC 0x1c -> Node 0
Jan 29 17:42:40 cu-cs-vm kernel: [    0.000000] SRAT: PXM 0 -> APIC 0x1e -> Node 0
Jan 29 17:42:40 cu-cs-vm kernel: [    0.000000] SRAT: PXM 0 -> APIC 0x20 -> Node 0
Jan 29 17:42:40 cu-cs-vm kernel: [    0.000000] SRAT: PXM 0 -> APIC 0x22 -> Node 0
Jan 29 17:42:40 cu-cs-vm kernel: [    0.000000] SRAT: PXM 0 -> APIC 0x24 -> Node 0
Jan 29 17:42:40 cu-cs-vm kernel: [    0.000000] SRAT: PXM 0 -> APIC 0x26 -> Node 0
Jan 29 17:42:40 cu-cs-vm kernel: [    0.000000] SRAT: PXM 0 -> APIC 0x28 -> Node 0
Jan 29 17:42:40 cu-cs-vm kernel: [    0.000000] SRAT: PXM 0 -> APIC 0x2a -> Node 0
Jan 29 17:42:40 cu-cs-vm kernel: [    0.000000] SRAT: PXM 0 -> APIC 0x2c -> Node 0
Jan 29 17:42:40 cu-cs-vm kernel: [    0.000000] SRAT: PXM 0 -> APIC 0x2e -> Node 0
Jan 29 17:42:40 cu-cs-vm kernel: [    0.000000] SRAT: PXM 0 -> APIC 0x30 -> Node 0
Jan 29 17:42:40 cu-cs-vm kernel: [    0.000000] SRAT: PXM 0 -> APIC 0x32 -> Node 0
Jan 29 17:42:40 cu-cs-vm kernel: [    0.000000] SRAT: PXM 0 -> APIC 0x34 -> Node 0
Jan 29 17:42:40 cu-cs-vm kernel: [    0.000000] SRAT: PXM 0 -> APIC 0x36 -> Node 0
Jan 29 17:42:40 cu-cs-vm kernel: [    0.000000] SRAT: PXM 0 -> APIC 0x38 -> Node 0
Jan 29 17:42:40 cu-cs-vm kernel: [    0.000000] SRAT: PXM 0 -> APIC 0x3a -> Node 0
Jan 29 17:42:40 cu-cs-vm kernel: [    0.000000] SRAT: PXM 0 -> APIC 0x3c -> Node 0
Jan 29 17:42:40 cu-cs-vm kernel: [    0.000000] SRAT: PXM 0 -> APIC 0x3e -> Node 0
Jan 29 17:42:40 cu-cs-vm kernel: [    0.000000] SRAT: PXM 0 -> APIC 0x40 -> Node 0
Jan 29 17:42:40 cu-cs-vm kernel: [    0.000000] SRAT: PXM 0 -> APIC 0x42 -> Node 0
Jan 29 17:42:40 cu-cs-vm kernel: [    0.000000] SRAT: PXM 0 -> APIC 0x44 -> Node 0
Jan 29 17:42:40 cu-cs-vm kernel: [    0.000000] SRAT: PXM 0 -> APIC 0x46 -> Node 0
Jan 29 17:42:40 cu-cs-vm kernel: [    0.000000] SRAT: PXM 0 -> APIC 0x48 -> Node 0
Jan 29 17:42:40 cu-cs-vm kernel: [    0.000000] SRAT: PXM 0 -> APIC 0x4a -> Node 0
Jan 29 17:42:40 cu-cs-vm kernel: [    0.000000] SRAT: PXM 0 -> APIC 0x4c -> Node 0
Jan 29 17:42:40 cu-cs-vm kernel: [    0.000000] SRAT: PXM 0 -> APIC 0x4e -> Node 0
Jan 29 17:42:40 cu-cs-vm kernel: [    0.000000] SRAT: PXM 0 -> APIC 0x50 -> Node 0
Jan 29 17:42:40 cu-cs-vm kernel: [    0.000000] SRAT: PXM 0 -> APIC 0x52 -> Node 0
Jan 29 17:42:40 cu-cs-vm kernel: [    0.000000] SRAT: PXM 0 -> APIC 0x54 -> Node 0
Jan 29 17:42:40 cu-cs-vm kernel: [    0.000000] SRAT: PXM 0 -> APIC 0x56 -> Node 0
Jan 29 17:42:40 cu-cs-vm kernel: [    0.000000] SRAT: PXM 0 -> APIC 0x58 -> Node 0
Jan 29 17:42:40 cu-cs-vm kernel: [    0.000000] SRAT: PXM 0 -> APIC 0x5a -> Node 0
Jan 29 17:42:40 cu-cs-vm kernel: [    0.000000] SRAT: PXM 0 -> APIC 0x5c -> Node 0
Jan 29 17:42:40 cu-cs-vm kernel: [    0.000000] SRAT: PXM 0 -> APIC 0x5e -> Node 0
Jan 29 17:42:40 cu-cs-vm kernel: [    0.000000] SRAT: PXM 0 -> APIC 0x60 -> Node 0
Jan 29 17:42:40 cu-cs-vm kernel: [    0.000000] SRAT: PXM 0 -> APIC 0x62 -> Node 0
Jan 29 17:42:40 cu-cs-vm kernel: [    0.000000] SRAT: PXM 0 -> APIC 0x64 -> Node 0
Jan 29 17:42:40 cu-cs-vm kernel: [    0.000000] SRAT: PXM 0 -> APIC 0x66 -> Node 0
Jan 29 17:42:40 cu-cs-vm kernel: [    0.000000] SRAT: PXM 0 -> APIC 0x68 -> Node 0
Jan 29 17:42:40 cu-cs-vm kernel: [    0.000000] SRAT: PXM 0 -> APIC 0x6a -> Node 0
Jan 29 17:42:40 cu-cs-vm kernel: [    0.000000] SRAT: PXM 0 -> APIC 0x6c -> Node 0
Jan 29 17:42:40 cu-cs-vm kernel: [    0.000000] SRAT: PXM 0 -> APIC 0x6e -> Node 0
Jan 29 17:42:40 cu-cs-vm kernel: [    0.000000] SRAT: PXM 0 -> APIC 0x70 -> Node 0
Jan 29 17:42:40 cu-cs-vm kernel: [    0.000000] SRAT: PXM 0 -> APIC 0x72 -> Node 0
Jan 29 17:42:40 cu-cs-vm kernel: [    0.000000] SRAT: PXM 0 -> APIC 0x74 -> Node 0
Jan 29 17:42:40 cu-cs-vm kernel: [    0.000000] SRAT: PXM 0 -> APIC 0x76 -> Node 0
Jan 29 17:42:40 cu-cs-vm kernel: [    0.000000] SRAT: PXM 0 -> APIC 0x78 -> Node 0
Jan 29 17:42:40 cu-cs-vm kernel: [    0.000000] SRAT: PXM 0 -> APIC 0x7a -> Node 0
Jan 29 17:42:40 cu-cs-vm kernel: [    0.000000] SRAT: PXM 0 -> APIC 0x7c -> Node 0
Jan 29 17:42:40 cu-cs-vm kernel: [    0.000000] SRAT: PXM 0 -> APIC 0x7e -> Node 0
Jan 29 17:42:40 cu-cs-vm kernel: [    0.000000] SRAT: PXM 0 -> APIC 0x80 -> Node 0
Jan 29 17:42:40 cu-cs-vm kernel: [    0.000000] SRAT: PXM 0 -> APIC 0x82 -> Node 0
Jan 29 17:42:40 cu-cs-vm kernel: [    0.000000] SRAT: PXM 0 -> APIC 0x84 -> Node 0
Jan 29 17:42:40 cu-cs-vm kernel: [    0.000000] SRAT: PXM 0 -> APIC 0x86 -> Node 0
Jan 29 17:42:40 cu-cs-vm kernel: [    0.000000] SRAT: PXM 0 -> APIC 0x88 -> Node 0
Jan 29 17:42:40 cu-cs-vm kernel: [    0.000000] SRAT: PXM 0 -> APIC 0x8a -> Node 0
Jan 29 17:42:40 cu-cs-vm kernel: [    0.000000] SRAT: PXM 0 -> APIC 0x8c -> Node 0
Jan 29 17:42:40 cu-cs-vm kernel: [    0.000000] SRAT: PXM 0 -> APIC 0x8e -> Node 0
Jan 29 17:42:40 cu-cs-vm kernel: [    0.000000] SRAT: PXM 0 -> APIC 0x90 -> Node 0
Jan 29 17:42:40 cu-cs-vm kernel: [    0.000000] SRAT: PXM 0 -> APIC 0x92 -> Node 0
Jan 29 17:42:40 cu-cs-vm kernel: [    0.000000] SRAT: PXM 0 -> APIC 0x94 -> Node 0
Jan 29 17:42:40 cu-cs-vm kernel: [    0.000000] SRAT: PXM 0 -> APIC 0x96 -> Node 0
Jan 29 17:42:40 cu-cs-vm kernel: [    0.000000] SRAT: PXM 0 -> APIC 0x98 -> Node 0
Jan 29 17:42:40 cu-cs-vm kernel: [    0.000000] SRAT: PXM 0 -> APIC 0x9a -> Node 0
Jan 29 17:42:40 cu-cs-vm kernel: [    0.000000] SRAT: PXM 0 -> APIC 0x9c -> Node 0
Jan 29 17:42:40 cu-cs-vm kernel: [    0.000000] SRAT: PXM 0 -> APIC 0x9e -> Node 0
Jan 29 17:42:40 cu-cs-vm kernel: [    0.000000] SRAT: PXM 0 -> APIC 0xa0 -> Node 0
Jan 29 17:42:40 cu-cs-vm kernel: [    0.000000] SRAT: PXM 0 -> APIC 0xa2 -> Node 0
Jan 29 17:42:40 cu-cs-vm kernel: [    0.000000] SRAT: PXM 0 -> APIC 0xa4 -> Node 0
Jan 29 17:42:40 cu-cs-vm kernel: [    0.000000] SRAT: PXM 0 -> APIC 0xa6 -> Node 0
Jan 29 17:42:40 cu-cs-vm kernel: [    0.000000] SRAT: PXM 0 -> APIC 0xa8 -> Node 0
Jan 29 17:42:40 cu-cs-vm kernel: [    0.000000] SRAT: PXM 0 -> APIC 0xaa -> Node 0
Jan 29 17:42:40 cu-cs-vm kernel: [    0.000000] SRAT: PXM 0 -> APIC 0xac -> Node 0
Jan 29 17:42:40 cu-cs-vm kernel: [    0.000000] SRAT: PXM 0 -> APIC 0xae -> Node 0
Jan 29 17:42:40 cu-cs-vm kernel: [    0.000000] SRAT: PXM 0 -> APIC 0xb0 -> Node 0
Jan 29 17:42:40 cu-cs-vm kernel: [    0.000000] SRAT: PXM 0 -> APIC 0xb2 -> Node 0
Jan 29 17:42:40 cu-cs-vm kernel: [    0.000000] SRAT: PXM 0 -> APIC 0xb4 -> Node 0
Jan 29 17:42:40 cu-cs-vm kernel: [    0.000000] SRAT: PXM 0 -> APIC 0xb6 -> Node 0
Jan 29 17:42:40 cu-cs-vm kernel: [    0.000000] SRAT: PXM 0 -> APIC 0xb8 -> Node 0
Jan 29 17:42:40 cu-cs-vm kernel: [    0.000000] SRAT: PXM 0 -> APIC 0xba -> Node 0
Jan 29 17:42:40 cu-cs-vm kernel: [    0.000000] SRAT: PXM 0 -> APIC 0xbc -> Node 0
Jan 29 17:42:40 cu-cs-vm kernel: [    0.000000] SRAT: PXM 0 -> APIC 0xbe -> Node 0
Jan 29 17:42:40 cu-cs-vm kernel: [    0.000000] SRAT: PXM 0 -> APIC 0xc0 -> Node 0
Jan 29 17:42:40 cu-cs-vm kernel: [    0.000000] SRAT: PXM 0 -> APIC 0xc2 -> Node 0
Jan 29 17:42:40 cu-cs-vm kernel: [    0.000000] SRAT: PXM 0 -> APIC 0xc4 -> Node 0
Jan 29 17:42:40 cu-cs-vm kernel: [    0.000000] SRAT: PXM 0 -> APIC 0xc6 -> Node 0
Jan 29 17:42:40 cu-cs-vm kernel: [    0.000000] SRAT: PXM 0 -> APIC 0xc8 -> Node 0
Jan 29 17:42:40 cu-cs-vm kernel: [    0.000000] SRAT: PXM 0 -> APIC 0xca -> Node 0
Jan 29 17:42:40 cu-cs-vm kernel: [    0.000000] SRAT: PXM 0 -> APIC 0xcc -> Node 0
Jan 29 17:42:40 cu-cs-vm kernel: [    0.000000] SRAT: PXM 0 -> APIC 0xce -> Node 0
Jan 29 17:42:40 cu-cs-vm kernel: [    0.000000] SRAT: PXM 0 -> APIC 0xd0 -> Node 0
Jan 29 17:42:40 cu-cs-vm kernel: [    0.000000] SRAT: PXM 0 -> APIC 0xd2 -> Node 0
Jan 29 17:42:40 cu-cs-vm kernel: [    0.000000] SRAT: PXM 0 -> APIC 0xd4 -> Node 0
Jan 29 17:42:40 cu-cs-vm kernel: [    0.000000] SRAT: PXM 0 -> APIC 0xd6 -> Node 0
Jan 29 17:42:40 cu-cs-vm kernel: [    0.000000] SRAT: PXM 0 -> APIC 0xd8 -> Node 0
Jan 29 17:42:40 cu-cs-vm kernel: [    0.000000] SRAT: PXM 0 -> APIC 0xda -> Node 0
Jan 29 17:42:40 cu-cs-vm kernel: [    0.000000] SRAT: PXM 0 -> APIC 0xdc -> Node 0
Jan 29 17:42:40 cu-cs-vm kernel: [    0.000000] SRAT: PXM 0 -> APIC 0xde -> Node 0
Jan 29 17:42:40 cu-cs-vm kernel: [    0.000000] SRAT: PXM 0 -> APIC 0xe0 -> Node 0
Jan 29 17:42:40 cu-cs-vm kernel: [    0.000000] SRAT: PXM 0 -> APIC 0xe2 -> Node 0
Jan 29 17:42:40 cu-cs-vm kernel: [    0.000000] SRAT: PXM 0 -> APIC 0xe4 -> Node 0
Jan 29 17:42:40 cu-cs-vm kernel: [    0.000000] SRAT: PXM 0 -> APIC 0xe6 -> Node 0
Jan 29 17:42:40 cu-cs-vm kernel: [    0.000000] SRAT: PXM 0 -> APIC 0xe8 -> Node 0
Jan 29 17:42:40 cu-cs-vm kernel: [    0.000000] SRAT: PXM 0 -> APIC 0xea -> Node 0
Jan 29 17:42:40 cu-cs-vm kernel: [    0.000000] SRAT: PXM 0 -> APIC 0xec -> Node 0
Jan 29 17:42:40 cu-cs-vm kernel: [    0.000000] SRAT: PXM 0 -> APIC 0xee -> Node 0
Jan 29 17:42:40 cu-cs-vm kernel: [    0.000000] SRAT: PXM 0 -> APIC 0xf0 -> Node 0
Jan 29 17:42:40 cu-cs-vm kernel: [    0.000000] SRAT: PXM 0 -> APIC 0xf2 -> Node 0
Jan 29 17:42:40 cu-cs-vm kernel: [    0.000000] SRAT: PXM 0 -> APIC 0xf4 -> Node 0
Jan 29 17:42:40 cu-cs-vm kernel: [    0.000000] SRAT: PXM 0 -> APIC 0xf6 -> Node 0
Jan 29 17:42:40 cu-cs-vm kernel: [    0.000000] SRAT: PXM 0 -> APIC 0xf8 -> Node 0
Jan 29 17:42:40 cu-cs-vm kernel: [    0.000000] SRAT: PXM 0 -> APIC 0xfa -> Node 0
Jan 29 17:42:40 cu-cs-vm kernel: [    0.000000] SRAT: PXM 0 -> APIC 0xfc -> Node 0
Jan 29 17:42:40 cu-cs-vm kernel: [    0.000000] SRAT: PXM 0 -> APIC 0xfe -> Node 0
Jan 29 17:42:40 cu-cs-vm kernel: [    0.000000] ACPI: SRAT: Node 0 PXM 0 [mem 0x00000000-0x0009ffff]
Jan 29 17:42:40 cu-cs-vm kernel: [    0.000000] ACPI: SRAT: Node 0 PXM 0 [mem 0x00100000-0x7fffffff]
Jan 29 17:42:40 cu-cs-vm kernel: [    0.000000] ACPI: SRAT: Node 0 PXM 0 [mem 0x80000000-0xbfffffff] hotplug
Jan 29 17:42:40 cu-cs-vm kernel: [    0.000000] NUMA: Node 0 [mem 0x00000000-0x0009ffff] + [mem 0x00100000-0x7fffffff] -> [mem 0x00000000-0x7fffffff]
Jan 29 17:42:40 cu-cs-vm kernel: [    0.000000] NODE_DATA(0) allocated [mem 0x7ffd5000-0x7fffffff]
Jan 29 17:42:40 cu-cs-vm kernel: [    0.000000] Zone ranges:
Jan 29 17:42:40 cu-cs-vm kernel: [    0.000000]   DMA      [mem 0x0000000000001000-0x0000000000ffffff]
Jan 29 17:42:40 cu-cs-vm kernel: [    0.000000]   DMA32    [mem 0x0000000001000000-0x000000007fffffff]
Jan 29 17:42:40 cu-cs-vm kernel: [    0.000000]   Normal   empty
Jan 29 17:42:40 cu-cs-vm kernel: [    0.000000]   Device   empty
Jan 29 17:42:40 cu-cs-vm kernel: [    0.000000] Movable zone start for each node
Jan 29 17:42:40 cu-cs-vm kernel: [    0.000000] Early memory node ranges
Jan 29 17:42:40 cu-cs-vm kernel: [    0.000000]   node   0: [mem 0x0000000000001000-0x000000000009dfff]
Jan 29 17:42:40 cu-cs-vm kernel: [    0.000000]   node   0: [mem 0x0000000000100000-0x000000007fedffff]
Jan 29 17:42:40 cu-cs-vm kernel: [    0.000000]   node   0: [mem 0x000000007ff00000-0x000000007fffffff]
Jan 29 17:42:40 cu-cs-vm kernel: [    0.000000] Reserved but unavailable: 99 pages
Jan 29 17:42:40 cu-cs-vm kernel: [    0.000000] Initmem setup node 0 [mem 0x0000000000001000-0x000000007fffffff]
Jan 29 17:42:40 cu-cs-vm kernel: [    0.000000] On node 0 totalpages: 524157
Jan 29 17:42:40 cu-cs-vm kernel: [    0.000000]   DMA zone: 64 pages used for memmap
Jan 29 17:42:40 cu-cs-vm kernel: [    0.000000]   DMA zone: 21 pages reserved
Jan 29 17:42:40 cu-cs-vm kernel: [    0.000000]   DMA zone: 3997 pages, LIFO batch:0
Jan 29 17:42:40 cu-cs-vm kernel: [    0.000000]   DMA32 zone: 8128 pages used for memmap
Jan 29 17:42:40 cu-cs-vm kernel: [    0.000000]   DMA32 zone: 520160 pages, LIFO batch:31
Jan 29 17:42:40 cu-cs-vm kernel: [    0.000000] ACPI: PM-Timer IO Port: 0x1008
Jan 29 17:42:40 cu-cs-vm kernel: [    0.000000] ACPI: Local APIC address 0xfee00000
Jan 29 17:42:40 cu-cs-vm kernel: [    0.000000] system APIC only can use physical flat
Jan 29 17:42:40 cu-cs-vm kernel: [    0.000000] ACPI: LAPIC_NMI (acpi_id[0x00] high edge lint[0x1])
Jan 29 17:42:40 cu-cs-vm kernel: [    0.000000] ACPI: LAPIC_NMI (acpi_id[0x01] high edge lint[0x1])
Jan 29 17:42:40 cu-cs-vm kernel: [    0.000000] ACPI: LAPIC_NMI (acpi_id[0x02] high edge lint[0x1])
Jan 29 17:42:40 cu-cs-vm kernel: [    0.000000] ACPI: LAPIC_NMI (acpi_id[0x03] high edge lint[0x1])
Jan 29 17:42:40 cu-cs-vm kernel: [    0.000000] ACPI: LAPIC_NMI (acpi_id[0x04] high edge lint[0x1])
Jan 29 17:42:40 cu-cs-vm kernel: [    0.000000] ACPI: LAPIC_NMI (acpi_id[0x05] high edge lint[0x1])
Jan 29 17:42:40 cu-cs-vm kernel: [    0.000000] ACPI: LAPIC_NMI (acpi_id[0x06] high edge lint[0x1])
Jan 29 17:42:40 cu-cs-vm kernel: [    0.000000] ACPI: LAPIC_NMI (acpi_id[0x07] high edge lint[0x1])
Jan 29 17:42:40 cu-cs-vm kernel: [    0.000000] ACPI: LAPIC_NMI (acpi_id[0x08] high edge lint[0x1])
Jan 29 17:42:40 cu-cs-vm kernel: [    0.000000] ACPI: LAPIC_NMI (acpi_id[0x09] high edge lint[0x1])
Jan 29 17:42:40 cu-cs-vm kernel: [    0.000000] ACPI: LAPIC_NMI (acpi_id[0x0a] high edge lint[0x1])
Jan 29 17:42:40 cu-cs-vm kernel: [    0.000000] ACPI: LAPIC_NMI (acpi_id[0x0b] high edge lint[0x1])
Jan 29 17:42:40 cu-cs-vm kernel: [    0.000000] ACPI: LAPIC_NMI (acpi_id[0x0c] high edge lint[0x1])
Jan 29 17:42:40 cu-cs-vm kernel: [    0.000000] ACPI: LAPIC_NMI (acpi_id[0x0d] high edge lint[0x1])
Jan 29 17:42:40 cu-cs-vm kernel: [    0.000000] ACPI: LAPIC_NMI (acpi_id[0x0e] high edge lint[0x1])
Jan 29 17:42:40 cu-cs-vm kernel: [    0.000000] ACPI: LAPIC_NMI (acpi_id[0x0f] high edge lint[0x1])
Jan 29 17:42:40 cu-cs-vm kernel: [    0.000000] ACPI: LAPIC_NMI (acpi_id[0x10] high edge lint[0x1])
Jan 29 17:42:40 cu-cs-vm kernel: [    0.000000] ACPI: LAPIC_NMI (acpi_id[0x11] high edge lint[0x1])
Jan 29 17:42:40 cu-cs-vm kernel: [    0.000000] ACPI: LAPIC_NMI (acpi_id[0x12] high edge lint[0x1])
Jan 29 17:42:40 cu-cs-vm kernel: [    0.000000] ACPI: LAPIC_NMI (acpi_id[0x13] high edge lint[0x1])
Jan 29 17:42:40 cu-cs-vm kernel: [    0.000000] ACPI: LAPIC_NMI (acpi_id[0x14] high edge lint[0x1])
Jan 29 17:42:40 cu-cs-vm kernel: [    0.000000] ACPI: LAPIC_NMI (acpi_id[0x15] high edge lint[0x1])
Jan 29 17:42:40 cu-cs-vm kernel: [    0.000000] ACPI: LAPIC_NMI (acpi_id[0x16] high edge lint[0x1])
Jan 29 17:42:40 cu-cs-vm kernel: [    0.000000] ACPI: LAPIC_NMI (acpi_id[0x17] high edge lint[0x1])
Jan 29 17:42:40 cu-cs-vm kernel: [    0.000000] ACPI: LAPIC_NMI (acpi_id[0x18] high edge lint[0x1])
Jan 29 17:42:40 cu-cs-vm kernel: [    0.000000] ACPI: LAPIC_NMI (acpi_id[0x19] high edge lint[0x1])
Jan 29 17:42:40 cu-cs-vm kernel: [    0.000000] ACPI: LAPIC_NMI (acpi_id[0x1a] high edge lint[0x1])
Jan 29 17:42:40 cu-cs-vm kernel: [    0.000000] ACPI: LAPIC_NMI (acpi_id[0x1b] high edge lint[0x1])
Jan 29 17:42:40 cu-cs-vm kernel: [    0.000000] ACPI: LAPIC_NMI (acpi_id[0x1c] high edge lint[0x1])
Jan 29 17:42:40 cu-cs-vm kernel: [    0.000000] ACPI: LAPIC_NMI (acpi_id[0x1d] high edge lint[0x1])
Jan 29 17:42:40 cu-cs-vm kernel: [    0.000000] ACPI: LAPIC_NMI (acpi_id[0x1e] high edge lint[0x1])
Jan 29 17:42:40 cu-cs-vm kernel: [    0.000000] ACPI: LAPIC_NMI (acpi_id[0x1f] high edge lint[0x1])
Jan 29 17:42:40 cu-cs-vm kernel: [    0.000000] ACPI: LAPIC_NMI (acpi_id[0x20] high edge lint[0x1])
Jan 29 17:42:40 cu-cs-vm kernel: [    0.000000] ACPI: LAPIC_NMI (acpi_id[0x21] high edge lint[0x1])
Jan 29 17:42:40 cu-cs-vm kernel: [    0.000000] ACPI: LAPIC_NMI (acpi_id[0x22] high edge lint[0x1])
Jan 29 17:42:40 cu-cs-vm kernel: [    0.000000] ACPI: LAPIC_NMI (acpi_id[0x23] high edge lint[0x1])
Jan 29 17:42:40 cu-cs-vm kernel: [    0.000000] ACPI: LAPIC_NMI (acpi_id[0x24] high edge lint[0x1])
Jan 29 17:42:40 cu-cs-vm kernel: [    0.000000] ACPI: LAPIC_NMI (acpi_id[0x25] high edge lint[0x1])
Jan 29 17:42:40 cu-cs-vm kernel: [    0.000000] ACPI: LAPIC_NMI (acpi_id[0x26] high edge lint[0x1])
Jan 29 17:42:40 cu-cs-vm kernel: [    0.000000] ACPI: LAPIC_NMI (acpi_id[0x27] high edge lint[0x1])
Jan 29 17:42:40 cu-cs-vm kernel: [    0.000000] ACPI: LAPIC_NMI (acpi_id[0x28] high edge lint[0x1])
Jan 29 17:42:40 cu-cs-vm kernel: [    0.000000] ACPI: LAPIC_NMI (acpi_id[0x29] high edge lint[0x1])
Jan 29 17:42:40 cu-cs-vm kernel: [    0.000000] ACPI: LAPIC_NMI (acpi_id[0x2a] high edge lint[0x1])
Jan 29 17:42:40 cu-cs-vm kernel: [    0.000000] ACPI: LAPIC_NMI (acpi_id[0x2b] high edge lint[0x1])
Jan 29 17:42:40 cu-cs-vm kernel: [    0.000000] ACPI: LAPIC_NMI (acpi_id[0x2c] high edge lint[0x1])
Jan 29 17:42:40 cu-cs-vm kernel: [    0.000000] ACPI: LAPIC_NMI (acpi_id[0x2d] high edge lint[0x1])
Jan 29 17:42:40 cu-cs-vm kernel: [    0.000000] ACPI: LAPIC_NMI (acpi_id[0x2e] high edge lint[0x1])
Jan 29 17:42:40 cu-cs-vm kernel: [    0.000000] ACPI: LAPIC_NMI (acpi_id[0x2f] high edge lint[0x1])
Jan 29 17:42:40 cu-cs-vm kernel: [    0.000000] ACPI: LAPIC_NMI (acpi_id[0x30] high edge lint[0x1])
Jan 29 17:42:40 cu-cs-vm kernel: [    0.000000] ACPI: LAPIC_NMI (acpi_id[0x31] high edge lint[0x1])
Jan 29 17:42:40 cu-cs-vm kernel: [    0.000000] ACPI: LAPIC_NMI (acpi_id[0x32] high edge lint[0x1])
Jan 29 17:42:40 cu-cs-vm kernel: [    0.000000] ACPI: LAPIC_NMI (acpi_id[0x33] high edge lint[0x1])
Jan 29 17:42:40 cu-cs-vm kernel: [    0.000000] ACPI: LAPIC_NMI (acpi_id[0x34] high edge lint[0x1])
Jan 29 17:42:40 cu-cs-vm kernel: [    0.000000] ACPI: LAPIC_NMI (acpi_id[0x35] high edge lint[0x1])
Jan 29 17:42:40 cu-cs-vm kernel: [    0.000000] ACPI: LAPIC_NMI (acpi_id[0x36] high edge lint[0x1])
Jan 29 17:42:40 cu-cs-vm kernel: [    0.000000] ACPI: LAPIC_NMI (acpi_id[0x37] high edge lint[0x1])
Jan 29 17:42:40 cu-cs-vm kernel: [    0.000000] ACPI: LAPIC_NMI (acpi_id[0x38] high edge lint[0x1])
Jan 29 17:42:40 cu-cs-vm kernel: [    0.000000] ACPI: LAPIC_NMI (acpi_id[0x39] high edge lint[0x1])
Jan 29 17:42:40 cu-cs-vm kernel: [    0.000000] ACPI: LAPIC_NMI (acpi_id[0x3a] high edge lint[0x1])
Jan 29 17:42:40 cu-cs-vm kernel: [    0.000000] ACPI: LAPIC_NMI (acpi_id[0x3b] high edge lint[0x1])
Jan 29 17:42:40 cu-cs-vm kernel: [    0.000000] ACPI: LAPIC_NMI (acpi_id[0x3c] high edge lint[0x1])
Jan 29 17:42:40 cu-cs-vm kernel: [    0.000000] ACPI: LAPIC_NMI (acpi_id[0x3d] high edge lint[0x1])
Jan 29 17:42:40 cu-cs-vm kernel: [    0.000000] ACPI: LAPIC_NMI (acpi_id[0x3e] high edge lint[0x1])
Jan 29 17:42:40 cu-cs-vm kernel: [    0.000000] ACPI: LAPIC_NMI (acpi_id[0x3f] high edge lint[0x1])
Jan 29 17:42:40 cu-cs-vm kernel: [    0.000000] ACPI: LAPIC_NMI (acpi_id[0x40] high edge lint[0x1])
Jan 29 17:42:40 cu-cs-vm kernel: [    0.000000] ACPI: LAPIC_NMI (acpi_id[0x41] high edge lint[0x1])
Jan 29 17:42:40 cu-cs-vm kernel: [    0.000000] ACPI: LAPIC_NMI (acpi_id[0x42] high edge lint[0x1])
Jan 29 17:42:40 cu-cs-vm kernel: [    0.000000] ACPI: LAPIC_NMI (acpi_id[0x43] high edge lint[0x1])
Jan 29 17:42:40 cu-cs-vm kernel: [    0.000000] ACPI: LAPIC_NMI (acpi_id[0x44] high edge lint[0x1])
Jan 29 17:42:40 cu-cs-vm kernel: [    0.000000] ACPI: LAPIC_NMI (acpi_id[0x45] high edge lint[0x1])
Jan 29 17:42:40 cu-cs-vm kernel: [    0.000000] ACPI: LAPIC_NMI (acpi_id[0x46] high edge lint[0x1])
Jan 29 17:42:40 cu-cs-vm kernel: [    0.000000] ACPI: LAPIC_NMI (acpi_id[0x47] high edge lint[0x1])
Jan 29 17:42:40 cu-cs-vm kernel: [    0.000000] ACPI: LAPIC_NMI (acpi_id[0x48] high edge lint[0x1])
Jan 29 17:42:40 cu-cs-vm kernel: [    0.000000] ACPI: LAPIC_NMI (acpi_id[0x49] high edge lint[0x1])
Jan 29 17:42:40 cu-cs-vm kernel: [    0.000000] ACPI: LAPIC_NMI (acpi_id[0x4a] high edge lint[0x1])
Jan 29 17:42:40 cu-cs-vm kernel: [    0.000000] ACPI: LAPIC_NMI (acpi_id[0x4b] high edge lint[0x1])
Jan 29 17:42:40 cu-cs-vm kernel: [    0.000000] ACPI: LAPIC_NMI (acpi_id[0x4c] high edge lint[0x1])
Jan 29 17:42:40 cu-cs-vm kernel: [    0.000000] ACPI: LAPIC_NMI (acpi_id[0x4d] high edge lint[0x1])
Jan 29 17:42:40 cu-cs-vm kernel: [    0.000000] ACPI: LAPIC_NMI (acpi_id[0x4e] high edge lint[0x1])
Jan 29 17:42:40 cu-cs-vm kernel: [    0.000000] ACPI: LAPIC_NMI (acpi_id[0x4f] high edge lint[0x1])
Jan 29 17:42:40 cu-cs-vm kernel: [    0.000000] ACPI: LAPIC_NMI (acpi_id[0x50] high edge lint[0x1])
Jan 29 17:42:40 cu-cs-vm kernel: [    0.000000] ACPI: LAPIC_NMI (acpi_id[0x51] high edge lint[0x1])
Jan 29 17:42:40 cu-cs-vm kernel: [    0.000000] ACPI: LAPIC_NMI (acpi_id[0x52] high edge lint[0x1])
Jan 29 17:42:40 cu-cs-vm kernel: [    0.000000] ACPI: LAPIC_NMI (acpi_id[0x53] high edge lint[0x1])
Jan 29 17:42:40 cu-cs-vm kernel: [    0.000000] ACPI: LAPIC_NMI (acpi_id[0x54] high edge lint[0x1])
Jan 29 17:42:40 cu-cs-vm kernel: [    0.000000] ACPI: LAPIC_NMI (acpi_id[0x55] high edge lint[0x1])
Jan 29 17:42:40 cu-cs-vm kernel: [    0.000000] ACPI: LAPIC_NMI (acpi_id[0x56] high edge lint[0x1])
Jan 29 17:42:40 cu-cs-vm kernel: [    0.000000] ACPI: LAPIC_NMI (acpi_id[0x57] high edge lint[0x1])
Jan 29 17:42:40 cu-cs-vm kernel: [    0.000000] ACPI: LAPIC_NMI (acpi_id[0x58] high edge lint[0x1])
Jan 29 17:42:40 cu-cs-vm kernel: [    0.000000] ACPI: LAPIC_NMI (acpi_id[0x59] high edge lint[0x1])
Jan 29 17:42:40 cu-cs-vm kernel: [    0.000000] ACPI: LAPIC_NMI (acpi_id[0x5a] high edge lint[0x1])
Jan 29 17:42:40 cu-cs-vm kernel: [    0.000000] ACPI: LAPIC_NMI (acpi_id[0x5b] high edge lint[0x1])
Jan 29 17:42:40 cu-cs-vm kernel: [    0.000000] ACPI: LAPIC_NMI (acpi_id[0x5c] high edge lint[0x1])
Jan 29 17:42:40 cu-cs-vm kernel: [    0.000000] ACPI: LAPIC_NMI (acpi_id[0x5d] high edge lint[0x1])
Jan 29 17:42:40 cu-cs-vm kernel: [    0.000000] ACPI: LAPIC_NMI (acpi_id[0x5e] high edge lint[0x1])
Jan 29 17:42:40 cu-cs-vm kernel: [    0.000000] ACPI: LAPIC_NMI (acpi_id[0x5f] high edge lint[0x1])
Jan 29 17:42:40 cu-cs-vm kernel: [    0.000000] ACPI: LAPIC_NMI (acpi_id[0x60] high edge lint[0x1])
Jan 29 17:42:40 cu-cs-vm kernel: [    0.000000] ACPI: LAPIC_NMI (acpi_id[0x61] high edge lint[0x1])
Jan 29 17:42:40 cu-cs-vm kernel: [    0.000000] ACPI: LAPIC_NMI (acpi_id[0x62] high edge lint[0x1])
Jan 29 17:42:40 cu-cs-vm kernel: [    0.000000] ACPI: LAPIC_NMI (acpi_id[0x63] high edge lint[0x1])
Jan 29 17:42:40 cu-cs-vm kernel: [    0.000000] ACPI: LAPIC_NMI (acpi_id[0x64] high edge lint[0x1])
Jan 29 17:42:40 cu-cs-vm kernel: [    0.000000] ACPI: LAPIC_NMI (acpi_id[0x65] high edge lint[0x1])
Jan 29 17:42:40 cu-cs-vm kernel: [    0.000000] ACPI: LAPIC_NMI (acpi_id[0x66] high edge lint[0x1])
Jan 29 17:42:40 cu-cs-vm kernel: [    0.000000] ACPI: LAPIC_NMI (acpi_id[0x67] high edge lint[0x1])
Jan 29 17:42:40 cu-cs-vm kernel: [    0.000000] ACPI: LAPIC_NMI (acpi_id[0x68] high edge lint[0x1])
Jan 29 17:42:40 cu-cs-vm kernel: [    0.000000] ACPI: LAPIC_NMI (acpi_id[0x69] high edge lint[0x1])
Jan 29 17:42:40 cu-cs-vm kernel: [    0.000000] ACPI: LAPIC_NMI (acpi_id[0x6a] high edge lint[0x1])
Jan 29 17:42:40 cu-cs-vm kernel: [    0.000000] ACPI: LAPIC_NMI (acpi_id[0x6b] high edge lint[0x1])
Jan 29 17:42:40 cu-cs-vm kernel: [    0.000000] ACPI: LAPIC_NMI (acpi_id[0x6c] high edge lint[0x1])
Jan 29 17:42:40 cu-cs-vm kernel: [    0.000000] ACPI: LAPIC_NMI (acpi_id[0x6d] high edge lint[0x1])
Jan 29 17:42:40 cu-cs-vm kernel: [    0.000000] ACPI: LAPIC_NMI (acpi_id[0x6e] high edge lint[0x1])
Jan 29 17:42:40 cu-cs-vm kernel: [    0.000000] ACPI: LAPIC_NMI (acpi_id[0x6f] high edge lint[0x1])
Jan 29 17:42:40 cu-cs-vm kernel: [    0.000000] ACPI: LAPIC_NMI (acpi_id[0x70] high edge lint[0x1])
Jan 29 17:42:40 cu-cs-vm kernel: [    0.000000] ACPI: LAPIC_NMI (acpi_id[0x71] high edge lint[0x1])
Jan 29 17:42:40 cu-cs-vm kernel: [    0.000000] ACPI: LAPIC_NMI (acpi_id[0x72] high edge lint[0x1])
Jan 29 17:42:40 cu-cs-vm kernel: [    0.000000] ACPI: LAPIC_NMI (acpi_id[0x73] high edge lint[0x1])
Jan 29 17:42:40 cu-cs-vm kernel: [    0.000000] ACPI: LAPIC_NMI (acpi_id[0x74] high edge lint[0x1])
Jan 29 17:42:40 cu-cs-vm kernel: [    0.000000] ACPI: LAPIC_NMI (acpi_id[0x75] high edge lint[0x1])
Jan 29 17:42:40 cu-cs-vm kernel: [    0.000000] ACPI: LAPIC_NMI (acpi_id[0x76] high edge lint[0x1])
Jan 29 17:42:40 cu-cs-vm kernel: [    0.000000] ACPI: LAPIC_NMI (acpi_id[0x77] high edge lint[0x1])
Jan 29 17:42:40 cu-cs-vm kernel: [    0.000000] ACPI: LAPIC_NMI (acpi_id[0x78] high edge lint[0x1])
Jan 29 17:42:40 cu-cs-vm kernel: [    0.000000] ACPI: LAPIC_NMI (acpi_id[0x79] high edge lint[0x1])
Jan 29 17:42:40 cu-cs-vm kernel: [    0.000000] ACPI: LAPIC_NMI (acpi_id[0x7a] high edge lint[0x1])
Jan 29 17:42:40 cu-cs-vm kernel: [    0.000000] ACPI: LAPIC_NMI (acpi_id[0x7b] high edge lint[0x1])
Jan 29 17:42:40 cu-cs-vm kernel: [    0.000000] ACPI: LAPIC_NMI (acpi_id[0x7c] high edge lint[0x1])
Jan 29 17:42:40 cu-cs-vm kernel: [    0.000000] ACPI: LAPIC_NMI (acpi_id[0x7d] high edge lint[0x1])
Jan 29 17:42:40 cu-cs-vm kernel: [    0.000000] ACPI: LAPIC_NMI (acpi_id[0x7e] high edge lint[0x1])
Jan 29 17:42:40 cu-cs-vm kernel: [    0.000000] ACPI: LAPIC_NMI (acpi_id[0x7f] high edge lint[0x1])
Jan 29 17:42:40 cu-cs-vm kernel: [    0.000000] IOAPIC[0]: apic_id 1, version 17, address 0xfec00000, GSI 0-23
Jan 29 17:42:40 cu-cs-vm kernel: [    0.000000] ACPI: INT_SRC_OVR (bus 0 bus_irq 0 global_irq 2 high edge)
Jan 29 17:42:40 cu-cs-vm kernel: [    0.000000] ACPI: IRQ0 used by override.
Jan 29 17:42:40 cu-cs-vm kernel: [    0.000000] ACPI: IRQ9 used by override.
Jan 29 17:42:40 cu-cs-vm kernel: [    0.000000] Using ACPI (MADT) for SMP configuration information
Jan 29 17:42:40 cu-cs-vm kernel: [    0.000000] smpboot: Allowing 128 CPUs, 126 hotplug CPUs
Jan 29 17:42:40 cu-cs-vm kernel: [    0.000000] PM: Registered nosave memory: [mem 0x00000000-0x00000fff]
Jan 29 17:42:40 cu-cs-vm kernel: [    0.000000] PM: Registered nosave memory: [mem 0x0009e000-0x0009efff]
Jan 29 17:42:40 cu-cs-vm kernel: [    0.000000] PM: Registered nosave memory: [mem 0x0009f000-0x0009ffff]
Jan 29 17:42:40 cu-cs-vm kernel: [    0.000000] PM: Registered nosave memory: [mem 0x000a0000-0x000dbfff]
Jan 29 17:42:40 cu-cs-vm kernel: [    0.000000] PM: Registered nosave memory: [mem 0x000dc000-0x000fffff]
Jan 29 17:42:40 cu-cs-vm kernel: [    0.000000] PM: Registered nosave memory: [mem 0x7fee0000-0x7fefefff]
Jan 29 17:42:40 cu-cs-vm kernel: [    0.000000] PM: Registered nosave memory: [mem 0x7feff000-0x7fefffff]
Jan 29 17:42:40 cu-cs-vm kernel: [    0.000000] e820: [mem 0x80000000-0xefffffff] available for PCI devices
Jan 29 17:42:40 cu-cs-vm kernel: [    0.000000] Booting paravirtualized kernel on VMware hypervisor
Jan 29 17:42:40 cu-cs-vm kernel: [    0.000000] clocksource: refined-jiffies: mask: 0xffffffff max_cycles: 0xffffffff, max_idle_ns: 7645519600211568 ns
Jan 29 17:42:40 cu-cs-vm kernel: [    0.000000] random: get_random_bytes called from start_kernel+0x99/0x51d with crng_init=0
Jan 29 17:42:40 cu-cs-vm kernel: [    0.000000] setup_percpu: NR_CPUS:8192 nr_cpumask_bits:128 nr_cpu_ids:128 nr_node_ids:1
Jan 29 17:42:40 cu-cs-vm kernel: [    0.000000] percpu: Embedded 45 pages/cpu s147456 r8192 d28672 u262144
Jan 29 17:42:40 cu-cs-vm kernel: [    0.000000] pcpu-alloc: s147456 r8192 d28672 u262144 alloc=1*2097152
Jan 29 17:42:40 cu-cs-vm kernel: [    0.000000] pcpu-alloc: [0] 000 001 002 003 004 005 006 007 
Jan 29 17:42:40 cu-cs-vm kernel: [    0.000000] pcpu-alloc: [0] 008 009 010 011 012 013 014 015 
Jan 29 17:42:40 cu-cs-vm kernel: [    0.000000] pcpu-alloc: [0] 016 017 018 019 020 021 022 023 
Jan 29 17:42:40 cu-cs-vm kernel: [    0.000000] pcpu-alloc: [0] 024 025 026 027 028 029 030 031 
Jan 29 17:42:40 cu-cs-vm kernel: [    0.000000] pcpu-alloc: [0] 032 033 034 035 036 037 038 039 
Jan 29 17:42:40 cu-cs-vm kernel: [    0.000000] pcpu-alloc: [0] 040 041 042 043 044 045 046 047 
Jan 29 17:42:40 cu-cs-vm kernel: [    0.000000] pcpu-alloc: [0] 048 049 050 051 052 053 054 055 
Jan 29 17:42:40 cu-cs-vm kernel: [    0.000000] pcpu-alloc: [0] 056 057 058 059 060 061 062 063 
Jan 29 17:42:40 cu-cs-vm kernel: [    0.000000] pcpu-alloc: [0] 064 065 066 067 068 069 070 071 
Jan 29 17:42:40 cu-cs-vm kernel: [    0.000000] pcpu-alloc: [0] 072 073 074 075 076 077 078 079 
Jan 29 17:42:40 cu-cs-vm kernel: [    0.000000] pcpu-alloc: [0] 080 081 082 083 084 085 086 087 
Jan 29 17:42:40 cu-cs-vm kernel: [    0.000000] pcpu-alloc: [0] 088 089 090 091 092 093 094 095 
Jan 29 17:42:40 cu-cs-vm kernel: [    0.000000] pcpu-alloc: [0] 096 097 098 099 100 101 102 103 
Jan 29 17:42:40 cu-cs-vm kernel: [    0.000000] pcpu-alloc: [0] 104 105 106 107 108 109 110 111 
Jan 29 17:42:40 cu-cs-vm kernel: [    0.000000] pcpu-alloc: [0] 112 113 114 115 116 117 118 119 
Jan 29 17:42:40 cu-cs-vm kernel: [    0.000000] pcpu-alloc: [0] 120 121 122 123 124 125 126 127 
Jan 29 17:42:40 cu-cs-vm kernel: [    0.000000] Built 1 zonelists, mobility grouping on.  Total pages: 515944
Jan 29 17:42:40 cu-cs-vm kernel: [    0.000000] Policy zone: DMA32
Jan 29 17:42:40 cu-cs-vm kernel: [    0.000000] Kernel command line: BOOT_IMAGE=/boot/vmlinuz-4.15.18kernelCustom root=UUID=a7adc8c1-e02a-478b-93ad-c06e060e0176 ro
Jan 29 17:42:40 cu-cs-vm kernel: [    0.000000] log_buf_len individual max cpu contribution: 4096 bytes
Jan 29 17:42:40 cu-cs-vm kernel: [    0.000000] log_buf_len total cpu_extra contributions: 520192 bytes
Jan 29 17:42:40 cu-cs-vm kernel: [    0.000000] log_buf_len min size: 262144 bytes
Jan 29 17:42:40 cu-cs-vm kernel: [    0.000000] log_buf_len: 1048576 bytes
Jan 29 17:42:40 cu-cs-vm kernel: [    0.000000] early log buf free: 237036(90%)
Jan 29 17:42:40 cu-cs-vm kernel: [    0.000000] Calgary: detecting Calgary via BIOS EBDA area
Jan 29 17:42:40 cu-cs-vm kernel: [    0.000000] Calgary: Unable to locate Rio Grande table in EBDA - bailing!
Jan 29 17:42:40 cu-cs-vm kernel: [    0.000000] Memory: 1568512K/2096628K available (12300K kernel code, 2480K rwdata, 4132K rodata, 2428K init, 2704K bss, 528116K reserved, 0K cma-reserved)
Jan 29 17:42:40 cu-cs-vm kernel: [    0.000000] SLUB: HWalign=64, Order=0-3, MinObjects=0, CPUs=128, Nodes=1
Jan 29 17:42:40 cu-cs-vm kernel: [    0.000000] Kernel/User page tables isolation: enabled
Jan 29 17:42:40 cu-cs-vm kernel: [    0.000000] ftrace: allocating 39201 entries in 154 pages
Jan 29 17:42:40 cu-cs-vm kernel: [    0.004000] Hierarchical RCU implementation.
Jan 29 17:42:40 cu-cs-vm kernel: [    0.004000] 	RCU restricting CPUs from NR_CPUS=8192 to nr_cpu_ids=128.
Jan 29 17:42:40 cu-cs-vm kernel: [    0.004000] 	Tasks RCU enabled.
Jan 29 17:42:40 cu-cs-vm kernel: [    0.004000] RCU: Adjusting geometry for rcu_fanout_leaf=16, nr_cpu_ids=128
Jan 29 17:42:40 cu-cs-vm kernel: [    0.004000] NR_IRQS: 524544, nr_irqs: 1448, preallocated irqs: 16
Jan 29 17:42:40 cu-cs-vm kernel: [    0.004000] Console: colour VGA+ 80x25
Jan 29 17:42:40 cu-cs-vm kernel: [    0.004000] console [tty0] enabled
Jan 29 17:42:40 cu-cs-vm kernel: [    0.004000] ACPI: Core revision 20170831
Jan 29 17:42:40 cu-cs-vm kernel: [    0.004000] ACPI: 1 ACPI AML tables successfully acquired and loaded
Jan 29 17:42:40 cu-cs-vm kernel: [    0.004000] APIC: Switch to symmetric I/O mode setup
Jan 29 17:42:40 cu-cs-vm kernel: [    0.004000] x2apic enabled
Jan 29 17:42:40 cu-cs-vm kernel: [    0.004000] Switched APIC routing to physical x2apic.
Jan 29 17:42:40 cu-cs-vm kernel: [    0.004000] tsc: Detected 1606.965 MHz processor
Jan 29 17:42:40 cu-cs-vm kernel: [    0.004000] Calibrating delay loop (skipped) preset value.. 3213.93 BogoMIPS (lpj=6427860)
Jan 29 17:42:40 cu-cs-vm kernel: [    0.004000] pid_max: default: 131072 minimum: 1024
Jan 29 17:42:40 cu-cs-vm kernel: [    0.004000] Security Framework initialized
Jan 29 17:42:40 cu-cs-vm kernel: [    0.004000] Yama: becoming mindful.
Jan 29 17:42:40 cu-cs-vm kernel: [    0.004000] AppArmor: AppArmor initialized
Jan 29 17:42:40 cu-cs-vm kernel: [    0.004000] Dentry cache hash table entries: 262144 (order: 9, 2097152 bytes)
Jan 29 17:42:40 cu-cs-vm kernel: [    0.004000] Inode-cache hash table entries: 131072 (order: 8, 1048576 bytes)
Jan 29 17:42:40 cu-cs-vm kernel: [    0.004000] Mount-cache hash table entries: 4096 (order: 3, 32768 bytes)
Jan 29 17:42:40 cu-cs-vm kernel: [    0.004000] Mountpoint-cache hash table entries: 4096 (order: 3, 32768 bytes)
Jan 29 17:42:40 cu-cs-vm kernel: [    0.004000] Disabled fast string operations
Jan 29 17:42:40 cu-cs-vm kernel: [    0.004000] Last level iTLB entries: 4KB 64, 2MB 8, 4MB 8
Jan 29 17:42:40 cu-cs-vm kernel: [    0.004000] Last level dTLB entries: 4KB 64, 2MB 0, 4MB 0, 1GB 4
Jan 29 17:42:40 cu-cs-vm kernel: [    0.004000] Spectre V1 : Mitigation: usercopy/swapgs barriers and __user pointer sanitization
Jan 29 17:42:40 cu-cs-vm kernel: [    0.004000] Spectre V2 : Mitigation: Full generic retpoline
Jan 29 17:42:40 cu-cs-vm kernel: [    0.004000] Spectre V2 : Spectre v2 / SpectreRSB mitigation: Filling RSB on context switch
Jan 29 17:42:40 cu-cs-vm kernel: [    0.004000] Spectre V2 : Enabling Restricted Speculation for firmware calls
Jan 29 17:42:40 cu-cs-vm kernel: [    0.004000] Spectre V2 : mitigation: Enabling conditional Indirect Branch Prediction Barrier
Jan 29 17:42:40 cu-cs-vm kernel: [    0.004000] Speculative Store Bypass: Mitigation: Speculative Store Bypass disabled via prctl and seccomp
Jan 29 17:42:40 cu-cs-vm kernel: [    0.004000] MDS: Mitigation: Clear CPU buffers
Jan 29 17:42:40 cu-cs-vm kernel: [    0.004000] Freeing SMP alternatives memory: 36K
Jan 29 17:42:40 cu-cs-vm kernel: [    0.004000] TSC deadline timer enabled
Jan 29 17:42:40 cu-cs-vm kernel: [    0.004000] smpboot: CPU0: Intel(R) Core(TM) i5-8210Y CPU @ 1.60GHz (family: 0x6, model: 0x8e, stepping: 0x9)
Jan 29 17:42:40 cu-cs-vm kernel: [    0.004000] Performance Events: Skylake events, core PMU driver.
Jan 29 17:42:40 cu-cs-vm kernel: [    0.004000] core: CPUID marked event: 'cpu cycles' unavailable
Jan 29 17:42:40 cu-cs-vm kernel: [    0.004000] core: CPUID marked event: 'instructions' unavailable
Jan 29 17:42:40 cu-cs-vm kernel: [    0.004000] core: CPUID marked event: 'bus cycles' unavailable
Jan 29 17:42:40 cu-cs-vm kernel: [    0.004000] core: CPUID marked event: 'cache references' unavailable
Jan 29 17:42:40 cu-cs-vm kernel: [    0.004000] core: CPUID marked event: 'cache misses' unavailable
Jan 29 17:42:40 cu-cs-vm kernel: [    0.004000] core: CPUID marked event: 'branch instructions' unavailable
Jan 29 17:42:40 cu-cs-vm kernel: [    0.004000] core: CPUID marked event: 'branch misses' unavailable
Jan 29 17:42:40 cu-cs-vm kernel: [    0.004000] ... version:                1
Jan 29 17:42:40 cu-cs-vm kernel: [    0.004000] ... bit width:              48
Jan 29 17:42:40 cu-cs-vm kernel: [    0.004000] ... generic registers:      4
Jan 29 17:42:40 cu-cs-vm kernel: [    0.004000] ... value mask:             0000ffffffffffff
Jan 29 17:42:40 cu-cs-vm kernel: [    0.004000] ... max period:             000000007fffffff
Jan 29 17:42:40 cu-cs-vm kernel: [    0.004000] ... fixed-purpose events:   0
Jan 29 17:42:40 cu-cs-vm kernel: [    0.004000] ... event mask:             000000000000000f
Jan 29 17:42:40 cu-cs-vm kernel: [    0.004229] Hierarchical SRCU implementation.
Jan 29 17:42:40 cu-cs-vm kernel: [    0.005050] NMI watchdog: Perf event create on CPU 0 failed with -2
Jan 29 17:42:40 cu-cs-vm kernel: [    0.005298] NMI watchdog: Perf NMI watchdog permanently disabled
Jan 29 17:42:40 cu-cs-vm kernel: [    0.009763] smp: Bringing up secondary CPUs ...
Jan 29 17:42:40 cu-cs-vm kernel: [    0.010193] x86: Booting SMP configuration:
Jan 29 17:42:40 cu-cs-vm kernel: [    0.010375] .... node  #0, CPUs:          #1
Jan 29 17:42:40 cu-cs-vm kernel: [    0.004000] Disabled fast string operations
Jan 29 17:42:40 cu-cs-vm kernel: [    0.004000] smpboot: CPU 1 Converting physical 2 to logical package 1
Jan 29 17:42:40 cu-cs-vm kernel: [    0.012072] smp: Brought up 1 node, 2 CPUs
Jan 29 17:42:40 cu-cs-vm kernel: [    0.012202] smpboot: Max logical packages: 128
Jan 29 17:42:40 cu-cs-vm kernel: [    0.012248] smpboot: Total of 2 processors activated (6427.86 BogoMIPS)
Jan 29 17:42:40 cu-cs-vm kernel: [    0.012995] devtmpfs: initialized
Jan 29 17:42:40 cu-cs-vm kernel: [    0.012995] x86/mm: Memory block size: 128MB
Jan 29 17:42:40 cu-cs-vm kernel: [    0.012995] evm: security.selinux
Jan 29 17:42:40 cu-cs-vm kernel: [    0.012995] evm: security.SMACK64
Jan 29 17:42:40 cu-cs-vm kernel: [    0.012995] evm: security.SMACK64EXEC
Jan 29 17:42:40 cu-cs-vm kernel: [    0.012995] evm: security.SMACK64TRANSMUTE
Jan 29 17:42:40 cu-cs-vm kernel: [    0.012995] evm: security.SMACK64MMAP
Jan 29 17:42:40 cu-cs-vm kernel: [    0.012995] evm: security.apparmor
Jan 29 17:42:40 cu-cs-vm kernel: [    0.012995] evm: security.ima
Jan 29 17:42:40 cu-cs-vm kernel: [    0.012995] evm: security.capability
Jan 29 17:42:40 cu-cs-vm kernel: [    0.013321] PM: Registering ACPI NVS region [mem 0x7feff000-0x7fefffff] (4096 bytes)
Jan 29 17:42:40 cu-cs-vm kernel: [    0.016066] clocksource: jiffies: mask: 0xffffffff max_cycles: 0xffffffff, max_idle_ns: 7645041785100000 ns
Jan 29 17:42:40 cu-cs-vm kernel: [    0.016459] futex hash table entries: 32768 (order: 9, 2097152 bytes)
Jan 29 17:42:40 cu-cs-vm kernel: [    0.018887] pinctrl core: initialized pinctrl subsystem
Jan 29 17:42:40 cu-cs-vm kernel: [    0.019698] RTC time:  0:42:29, date: 01/30/20
Jan 29 17:42:40 cu-cs-vm kernel: [    0.020598] NET: Registered protocol family 16
Jan 29 17:42:40 cu-cs-vm kernel: [    0.020801] audit: initializing netlink subsys (disabled)
Jan 29 17:42:40 cu-cs-vm kernel: [    0.021056] audit: type=2000 audit(1580344949.020:1): state=initialized audit_enabled=0 res=1
Jan 29 17:42:40 cu-cs-vm kernel: [    0.021056] cpuidle: using governor ladder
Jan 29 17:42:40 cu-cs-vm kernel: [    0.021056] cpuidle: using governor menu
Jan 29 17:42:40 cu-cs-vm kernel: [    0.021056] Simple Boot Flag at 0x36 set to 0x80
Jan 29 17:42:40 cu-cs-vm kernel: [    0.021056] ACPI: bus type PCI registered
Jan 29 17:42:40 cu-cs-vm kernel: [    0.021056] acpiphp: ACPI Hot Plug PCI Controller Driver version: 0.5
Jan 29 17:42:40 cu-cs-vm kernel: [    0.021188] PCI: MMCONFIG for domain 0000 [bus 00-7f] at [mem 0xf0000000-0xf7ffffff] (base 0xf0000000)
Jan 29 17:42:40 cu-cs-vm kernel: [    0.021308] PCI: MMCONFIG at [mem 0xf0000000-0xf7ffffff] reserved in E820
Jan 29 17:42:40 cu-cs-vm kernel: [    0.021411] PCI: Using configuration type 1 for base access
Jan 29 17:42:40 cu-cs-vm kernel: [    0.025845] HugeTLB registered 1.00 GiB page size, pre-allocated 0 pages
Jan 29 17:42:40 cu-cs-vm kernel: [    0.025845] HugeTLB registered 2.00 MiB page size, pre-allocated 0 pages
Jan 29 17:42:40 cu-cs-vm kernel: [    0.028396] ACPI: Added _OSI(Module Device)
Jan 29 17:42:40 cu-cs-vm kernel: [    0.028587] ACPI: Added _OSI(Processor Device)
Jan 29 17:42:40 cu-cs-vm kernel: [    0.028659] ACPI: Added _OSI(3.0 _SCP Extensions)
Jan 29 17:42:40 cu-cs-vm kernel: [    0.028722] ACPI: Added _OSI(Processor Aggregator Device)
Jan 29 17:42:40 cu-cs-vm kernel: [    0.028789] ACPI: Added _OSI(Linux-Dell-Video)
Jan 29 17:42:40 cu-cs-vm kernel: [    0.028860] ACPI: Added _OSI(Linux-Lenovo-NV-HDMI-Audio)
Jan 29 17:42:40 cu-cs-vm kernel: [    0.028932] ACPI: Added _OSI(Linux-HPI-Hybrid-Graphics)
Jan 29 17:42:40 cu-cs-vm kernel: [    0.046125] ACPI: [Firmware Bug]: BIOS _OSI(Linux) query ignored
Jan 29 17:42:40 cu-cs-vm kernel: [    0.094165] ACPI: Interpreter enabled
Jan 29 17:42:40 cu-cs-vm kernel: [    0.094235] ACPI: (supports S0 S1 S4 S5)
Jan 29 17:42:40 cu-cs-vm kernel: [    0.094280] ACPI: Using IOAPIC for interrupt routing
Jan 29 17:42:40 cu-cs-vm kernel: [    0.094386] PCI: Using host bridge windows from ACPI; if necessary, use "pci=nocrs" and report a bug
Jan 29 17:42:40 cu-cs-vm kernel: [    0.095659] ACPI: Enabled 4 GPEs in block 00 to 0F
Jan 29 17:42:40 cu-cs-vm kernel: [    0.199912] ACPI: PCI Root Bridge [PCI0] (domain 0000 [bus 00-7f])
Jan 29 17:42:40 cu-cs-vm kernel: [    0.199970] acpi PNP0A03:00: _OSC: OS supports [ExtendedConfig ASPM ClockPM Segments MSI]
Jan 29 17:42:40 cu-cs-vm kernel: [    0.200367] acpi PNP0A03:00: _OSC: platform does not support [AER]
Jan 29 17:42:40 cu-cs-vm kernel: [    0.200666] acpi PNP0A03:00: _OSC: OS now controls [PCIeHotplug PME PCIeCapability]
Jan 29 17:42:40 cu-cs-vm kernel: [    0.203107] PCI host bridge to bus 0000:00
Jan 29 17:42:40 cu-cs-vm kernel: [    0.203143] pci_bus 0000:00: root bus resource [mem 0x000a0000-0x000bffff window]
Jan 29 17:42:40 cu-cs-vm kernel: [    0.203196] pci_bus 0000:00: root bus resource [mem 0x000cc000-0x000cffff window]
Jan 29 17:42:40 cu-cs-vm kernel: [    0.203248] pci_bus 0000:00: root bus resource [mem 0x000d0000-0x000d3fff window]
Jan 29 17:42:40 cu-cs-vm kernel: [    0.203300] pci_bus 0000:00: root bus resource [mem 0x000d4000-0x000d7fff window]
Jan 29 17:42:40 cu-cs-vm kernel: [    0.203352] pci_bus 0000:00: root bus resource [mem 0x000d8000-0x000dbfff window]
Jan 29 17:42:40 cu-cs-vm kernel: [    0.203404] pci_bus 0000:00: root bus resource [mem 0xc0000000-0xfebfffff window]
Jan 29 17:42:40 cu-cs-vm kernel: [    0.203456] pci_bus 0000:00: root bus resource [io  0x0000-0x0cf7 window]
Jan 29 17:42:40 cu-cs-vm kernel: [    0.203503] pci_bus 0000:00: root bus resource [io  0x0d00-0xfeff window]
Jan 29 17:42:40 cu-cs-vm kernel: [    0.203549] pci_bus 0000:00: root bus resource [bus 00-7f]
Jan 29 17:42:40 cu-cs-vm kernel: [    0.203656] pci 0000:00:00.0: [8086:7190] type 00 class 0x060000
Jan 29 17:42:40 cu-cs-vm kernel: [    0.204567] pci 0000:00:01.0: [8086:7191] type 01 class 0x060400
Jan 29 17:42:40 cu-cs-vm kernel: [    0.205429] pci 0000:00:07.0: [8086:7110] type 00 class 0x060100
Jan 29 17:42:40 cu-cs-vm kernel: [    0.206474] pci 0000:00:07.1: [8086:7111] type 00 class 0x01018a
Jan 29 17:42:40 cu-cs-vm kernel: [    0.208970] pci 0000:00:07.1: reg 0x20: [io  0x1060-0x106f]
Jan 29 17:42:40 cu-cs-vm kernel: [    0.209689] pci 0000:00:07.1: legacy IDE quirk: reg 0x10: [io  0x01f0-0x01f7]
Jan 29 17:42:40 cu-cs-vm kernel: [    0.209750] pci 0000:00:07.1: legacy IDE quirk: reg 0x14: [io  0x03f6]
Jan 29 17:42:40 cu-cs-vm kernel: [    0.209804] pci 0000:00:07.1: legacy IDE quirk: reg 0x18: [io  0x0170-0x0177]
Jan 29 17:42:40 cu-cs-vm kernel: [    0.209860] pci 0000:00:07.1: legacy IDE quirk: reg 0x1c: [io  0x0376]
Jan 29 17:42:40 cu-cs-vm kernel: [    0.210251] pci 0000:00:07.3: [8086:7113] type 00 class 0x068000
Jan 29 17:42:40 cu-cs-vm kernel: [    0.212242] pci 0000:00:07.3: quirk: [io  0x1000-0x103f] claimed by PIIX4 ACPI
Jan 29 17:42:40 cu-cs-vm kernel: [    0.212330] pci 0000:00:07.3: quirk: [io  0x1040-0x104f] claimed by PIIX4 SMB
Jan 29 17:42:40 cu-cs-vm kernel: [    0.212888] pci 0000:00:07.7: [15ad:0740] type 00 class 0x088000
Jan 29 17:42:40 cu-cs-vm kernel: [    0.213686] pci 0000:00:07.7: reg 0x10: [io  0x1080-0x10bf]
Jan 29 17:42:40 cu-cs-vm kernel: [    0.214473] pci 0000:00:07.7: reg 0x14: [mem 0xfebfe000-0xfebfffff 64bit]
Jan 29 17:42:40 cu-cs-vm kernel: [    0.223170] pci 0000:00:0f.0: [15ad:0405] type 00 class 0x030000
Jan 29 17:42:40 cu-cs-vm kernel: [    0.225638] pci 0000:00:0f.0: reg 0x10: [io  0x1070-0x107f]
Jan 29 17:42:40 cu-cs-vm kernel: [    0.227710] pci 0000:00:0f.0: reg 0x14: [mem 0xe8000000-0xefffffff pref]
Jan 29 17:42:40 cu-cs-vm kernel: [    0.229431] pci 0000:00:0f.0: reg 0x18: [mem 0xfe000000-0xfe7fffff]
Jan 29 17:42:40 cu-cs-vm kernel: [    0.238990] pci 0000:00:0f.0: reg 0x30: [mem 0x00000000-0x00007fff pref]
Jan 29 17:42:40 cu-cs-vm kernel: [    0.239767] pci 0000:00:10.0: [1000:0030] type 00 class 0x010000
Jan 29 17:42:40 cu-cs-vm kernel: [    0.240602] pci 0000:00:10.0: reg 0x10: [io  0x1400-0x14ff]
Jan 29 17:42:40 cu-cs-vm kernel: [    0.241696] pci 0000:00:10.0: reg 0x14: [mem 0xfeba0000-0xfebbffff 64bit]
Jan 29 17:42:40 cu-cs-vm kernel: [    0.242671] pci 0000:00:10.0: reg 0x1c: [mem 0xfebc0000-0xfebdffff 64bit]
Jan 29 17:42:40 cu-cs-vm kernel: [    0.244506] pci 0000:00:10.0: reg 0x30: [mem 0x00000000-0x00003fff pref]
Jan 29 17:42:40 cu-cs-vm kernel: [    0.245321] pci 0000:00:11.0: [15ad:0790] type 01 class 0x060401
Jan 29 17:42:40 cu-cs-vm kernel: [    0.246760] pci 0000:00:15.0: [15ad:07a0] type 01 class 0x060400
Jan 29 17:42:40 cu-cs-vm kernel: [    0.248082] pci 0000:00:15.0: PME# supported from D0 D3hot D3cold
Jan 29 17:42:40 cu-cs-vm kernel: [    0.248581] pci 0000:00:15.1: [15ad:07a0] type 01 class 0x060400
Jan 29 17:42:40 cu-cs-vm kernel: [    0.249851] pci 0000:00:15.1: PME# supported from D0 D3hot D3cold
Jan 29 17:42:40 cu-cs-vm kernel: [    0.250329] pci 0000:00:15.2: [15ad:07a0] type 01 class 0x060400
Jan 29 17:42:40 cu-cs-vm kernel: [    0.251606] pci 0000:00:15.2: PME# supported from D0 D3hot D3cold
Jan 29 17:42:40 cu-cs-vm kernel: [    0.252184] pci 0000:00:15.3: [15ad:07a0] type 01 class 0x060400
Jan 29 17:42:40 cu-cs-vm kernel: [    0.253460] pci 0000:00:15.3: PME# supported from D0 D3hot D3cold
Jan 29 17:42:40 cu-cs-vm kernel: [    0.253947] pci 0000:00:15.4: [15ad:07a0] type 01 class 0x060400
Jan 29 17:42:40 cu-cs-vm kernel: [    0.255219] pci 0000:00:15.4: PME# supported from D0 D3hot D3cold
Jan 29 17:42:40 cu-cs-vm kernel: [    0.255699] pci 0000:00:15.5: [15ad:07a0] type 01 class 0x060400
Jan 29 17:42:40 cu-cs-vm kernel: [    0.257002] pci 0000:00:15.5: PME# supported from D0 D3hot D3cold
Jan 29 17:42:40 cu-cs-vm kernel: [    0.257485] pci 0000:00:15.6: [15ad:07a0] type 01 class 0x060400
Jan 29 17:42:40 cu-cs-vm kernel: [    0.258754] pci 0000:00:15.6: PME# supported from D0 D3hot D3cold
Jan 29 17:42:40 cu-cs-vm kernel: [    0.259236] pci 0000:00:15.7: [15ad:07a0] type 01 class 0x060400
Jan 29 17:42:40 cu-cs-vm kernel: [    0.260535] pci 0000:00:15.7: PME# supported from D0 D3hot D3cold
Jan 29 17:42:40 cu-cs-vm kernel: [    0.261019] pci 0000:00:16.0: [15ad:07a0] type 01 class 0x060400
Jan 29 17:42:40 cu-cs-vm kernel: [    0.262357] pci 0000:00:16.0: PME# supported from D0 D3hot D3cold
Jan 29 17:42:40 cu-cs-vm kernel: [    0.262842] pci 0000:00:16.1: [15ad:07a0] type 01 class 0x060400
Jan 29 17:42:40 cu-cs-vm kernel: [    0.264430] pci 0000:00:16.1: PME# supported from D0 D3hot D3cold
Jan 29 17:42:40 cu-cs-vm kernel: [    0.264978] pci 0000:00:16.2: [15ad:07a0] type 01 class 0x060400
Jan 29 17:42:40 cu-cs-vm kernel: [    0.266276] pci 0000:00:16.2: PME# supported from D0 D3hot D3cold
Jan 29 17:42:40 cu-cs-vm kernel: [    0.266781] pci 0000:00:16.3: [15ad:07a0] type 01 class 0x060400
Jan 29 17:42:40 cu-cs-vm kernel: [    0.268105] pci 0000:00:16.3: PME# supported from D0 D3hot D3cold
Jan 29 17:42:40 cu-cs-vm kernel: [    0.268602] pci 0000:00:16.4: [15ad:07a0] type 01 class 0x060400
Jan 29 17:42:40 cu-cs-vm kernel: [    0.269871] pci 0000:00:16.4: PME# supported from D0 D3hot D3cold
Jan 29 17:42:40 cu-cs-vm kernel: [    0.270357] pci 0000:00:16.5: [15ad:07a0] type 01 class 0x060400
Jan 29 17:42:40 cu-cs-vm kernel: [    0.271627] pci 0000:00:16.5: PME# supported from D0 D3hot D3cold
Jan 29 17:42:40 cu-cs-vm kernel: [    0.272136] pci 0000:00:16.6: [15ad:07a0] type 01 class 0x060400
Jan 29 17:42:40 cu-cs-vm kernel: [    0.273430] pci 0000:00:16.6: PME# supported from D0 D3hot D3cold
Jan 29 17:42:40 cu-cs-vm kernel: [    0.273964] pci 0000:00:16.7: [15ad:07a0] type 01 class 0x060400
Jan 29 17:42:40 cu-cs-vm kernel: [    0.275319] pci 0000:00:16.7: PME# supported from D0 D3hot D3cold
Jan 29 17:42:40 cu-cs-vm kernel: [    0.275847] pci 0000:00:17.0: [15ad:07a0] type 01 class 0x060400
Jan 29 17:42:40 cu-cs-vm kernel: [    0.277154] pci 0000:00:17.0: PME# supported from D0 D3hot D3cold
Jan 29 17:42:40 cu-cs-vm kernel: [    0.277658] pci 0000:00:17.1: [15ad:07a0] type 01 class 0x060400
Jan 29 17:42:40 cu-cs-vm kernel: [    0.279051] pci 0000:00:17.1: PME# supported from D0 D3hot D3cold
Jan 29 17:42:40 cu-cs-vm kernel: [    0.279587] pci 0000:00:17.2: [15ad:07a0] type 01 class 0x060400
Jan 29 17:42:40 cu-cs-vm kernel: [    0.281529] pci 0000:00:17.2: PME# supported from D0 D3hot D3cold
Jan 29 17:42:40 cu-cs-vm kernel: [    0.284266] pci 0000:00:17.3: [15ad:07a0] type 01 class 0x060400
Jan 29 17:42:40 cu-cs-vm kernel: [    0.286014] pci 0000:00:17.3: PME# supported from D0 D3hot D3cold
Jan 29 17:42:40 cu-cs-vm kernel: [    0.286893] pci 0000:00:17.4: [15ad:07a0] type 01 class 0x060400
Jan 29 17:42:40 cu-cs-vm kernel: [    0.289343] pci 0000:00:17.4: PME# supported from D0 D3hot D3cold
Jan 29 17:42:40 cu-cs-vm kernel: [    0.290286] pci 0000:00:17.5: [15ad:07a0] type 01 class 0x060400
Jan 29 17:42:40 cu-cs-vm kernel: [    0.292010] pci 0000:00:17.5: PME# supported from D0 D3hot D3cold
Jan 29 17:42:40 cu-cs-vm kernel: [    0.292614] pci 0000:00:17.6: [15ad:07a0] type 01 class 0x060400
Jan 29 17:42:40 cu-cs-vm kernel: [    0.294304] pci 0000:00:17.6: PME# supported from D0 D3hot D3cold
Jan 29 17:42:40 cu-cs-vm kernel: [    0.295069] pci 0000:00:17.7: [15ad:07a0] type 01 class 0x060400
Jan 29 17:42:40 cu-cs-vm kernel: [    0.297002] pci 0000:00:17.7: PME# supported from D0 D3hot D3cold
Jan 29 17:42:40 cu-cs-vm kernel: [    0.297602] pci 0000:00:18.0: [15ad:07a0] type 01 class 0x060400
Jan 29 17:42:40 cu-cs-vm kernel: [    0.299020] pci 0000:00:18.0: PME# supported from D0 D3hot D3cold
Jan 29 17:42:40 cu-cs-vm kernel: [    0.299665] pci 0000:00:18.1: [15ad:07a0] type 01 class 0x060400
Jan 29 17:42:40 cu-cs-vm kernel: [    0.301077] pci 0000:00:18.1: PME# supported from D0 D3hot D3cold
Jan 29 17:42:40 cu-cs-vm kernel: [    0.301666] pci 0000:00:18.2: [15ad:07a0] type 01 class 0x060400
Jan 29 17:42:40 cu-cs-vm kernel: [    0.303080] pci 0000:00:18.2: PME# supported from D0 D3hot D3cold
Jan 29 17:42:40 cu-cs-vm kernel: [    0.303708] pci 0000:00:18.3: [15ad:07a0] type 01 class 0x060400
Jan 29 17:42:40 cu-cs-vm kernel: [    0.305159] pci 0000:00:18.3: PME# supported from D0 D3hot D3cold
Jan 29 17:42:40 cu-cs-vm kernel: [    0.305741] pci 0000:00:18.4: [15ad:07a0] type 01 class 0x060400
Jan 29 17:42:40 cu-cs-vm kernel: [    0.307217] pci 0000:00:18.4: PME# supported from D0 D3hot D3cold
Jan 29 17:42:40 cu-cs-vm kernel: [    0.307798] pci 0000:00:18.5: [15ad:07a0] type 01 class 0x060400
Jan 29 17:42:40 cu-cs-vm kernel: [    0.309262] pci 0000:00:18.5: PME# supported from D0 D3hot D3cold
Jan 29 17:42:40 cu-cs-vm kernel: [    0.309910] pci 0000:00:18.6: [15ad:07a0] type 01 class 0x060400
Jan 29 17:42:40 cu-cs-vm kernel: [    0.311543] pci 0000:00:18.6: PME# supported from D0 D3hot D3cold
Jan 29 17:42:40 cu-cs-vm kernel: [    0.312177] pci 0000:00:18.7: [15ad:07a0] type 01 class 0x060400
Jan 29 17:42:40 cu-cs-vm kernel: [    0.313722] pci 0000:00:18.7: PME# supported from D0 D3hot D3cold
Jan 29 17:42:40 cu-cs-vm kernel: [    0.314450] pci 0000:00:01.0: PCI bridge to [bus 01]
Jan 29 17:42:40 cu-cs-vm kernel: [    0.315405] acpiphp: Slot [32] registered
Jan 29 17:42:40 cu-cs-vm kernel: [    0.315535] acpiphp: Slot [33] registered
Jan 29 17:42:40 cu-cs-vm kernel: [    0.315668] acpiphp: Slot [34] registered
Jan 29 17:42:40 cu-cs-vm kernel: [    0.315792] acpiphp: Slot [35] registered
Jan 29 17:42:40 cu-cs-vm kernel: [    0.315914] acpiphp: Slot [36] registered
Jan 29 17:42:40 cu-cs-vm kernel: [    0.316030] acpiphp: Slot [37] registered
Jan 29 17:42:40 cu-cs-vm kernel: [    0.316146] acpiphp: Slot [38] registered
Jan 29 17:42:40 cu-cs-vm kernel: [    0.316261] acpiphp: Slot [39] registered
Jan 29 17:42:40 cu-cs-vm kernel: [    0.316375] acpiphp: Slot [40] registered
Jan 29 17:42:40 cu-cs-vm kernel: [    0.316490] acpiphp: Slot [41] registered
Jan 29 17:42:40 cu-cs-vm kernel: [    0.316604] acpiphp: Slot [42] registered
Jan 29 17:42:40 cu-cs-vm kernel: [    0.316718] acpiphp: Slot [43] registered
Jan 29 17:42:40 cu-cs-vm kernel: [    0.316833] acpiphp: Slot [44] registered
Jan 29 17:42:40 cu-cs-vm kernel: [    0.316948] acpiphp: Slot [45] registered
Jan 29 17:42:40 cu-cs-vm kernel: [    0.317062] acpiphp: Slot [46] registered
Jan 29 17:42:40 cu-cs-vm kernel: [    0.317177] acpiphp: Slot [47] registered
Jan 29 17:42:40 cu-cs-vm kernel: [    0.317297] acpiphp: Slot [48] registered
Jan 29 17:42:40 cu-cs-vm kernel: [    0.317413] acpiphp: Slot [49] registered
Jan 29 17:42:40 cu-cs-vm kernel: [    0.317528] acpiphp: Slot [50] registered
Jan 29 17:42:40 cu-cs-vm kernel: [    0.317642] acpiphp: Slot [51] registered
Jan 29 17:42:40 cu-cs-vm kernel: [    0.317757] acpiphp: Slot [52] registered
Jan 29 17:42:40 cu-cs-vm kernel: [    0.317871] acpiphp: Slot [53] registered
Jan 29 17:42:40 cu-cs-vm kernel: [    0.317986] acpiphp: Slot [54] registered
Jan 29 17:42:40 cu-cs-vm kernel: [    0.318100] acpiphp: Slot [55] registered
Jan 29 17:42:40 cu-cs-vm kernel: [    0.318215] acpiphp: Slot [56] registered
Jan 29 17:42:40 cu-cs-vm kernel: [    0.318330] acpiphp: Slot [57] registered
Jan 29 17:42:40 cu-cs-vm kernel: [    0.318451] acpiphp: Slot [58] registered
Jan 29 17:42:40 cu-cs-vm kernel: [    0.318566] acpiphp: Slot [59] registered
Jan 29 17:42:40 cu-cs-vm kernel: [    0.318685] acpiphp: Slot [60] registered
Jan 29 17:42:40 cu-cs-vm kernel: [    0.318803] acpiphp: Slot [61] registered
Jan 29 17:42:40 cu-cs-vm kernel: [    0.318918] acpiphp: Slot [62] registered
Jan 29 17:42:40 cu-cs-vm kernel: [    0.319034] acpiphp: Slot [63] registered
Jan 29 17:42:40 cu-cs-vm kernel: [    0.319224] pci 0000:02:00.0: [15ad:0774] type 00 class 0x0c0300
Jan 29 17:42:40 cu-cs-vm kernel: [    0.321330] pci 0000:02:00.0: reg 0x20: [io  0x2040-0x205f]
Jan 29 17:42:40 cu-cs-vm kernel: [    0.323107] pci 0000:02:01.0: [8086:100f] type 00 class 0x020000
Jan 29 17:42:40 cu-cs-vm kernel: [    0.325223] pci 0000:02:01.0: reg 0x10: [mem 0xfd5c0000-0xfd5dffff 64bit]
Jan 29 17:42:40 cu-cs-vm kernel: [    0.328037] pci 0000:02:01.0: reg 0x18: [mem 0xfdff0000-0xfdffffff 64bit]
Jan 29 17:42:40 cu-cs-vm kernel: [    0.329914] pci 0000:02:01.0: reg 0x20: [io  0x2000-0x203f]
Jan 29 17:42:40 cu-cs-vm kernel: [    0.334511] pci 0000:02:01.0: reg 0x30: [mem 0x00000000-0x0000ffff pref]
Jan 29 17:42:40 cu-cs-vm kernel: [    0.335537] pci 0000:02:01.0: PME# supported from D0 D3hot D3cold
Jan 29 17:42:40 cu-cs-vm kernel: [    0.336200] pci 0000:02:02.0: [15ad:0770] type 00 class 0x0c0320
Jan 29 17:42:40 cu-cs-vm kernel: [    0.337787] pci 0000:02:02.0: reg 0x10: [mem 0xfd5ef000-0xfd5effff]
Jan 29 17:42:40 cu-cs-vm kernel: [    0.343131] pci 0000:02:04.0: [15ad:07e0] type 00 class 0x010601
Jan 29 17:42:40 cu-cs-vm kernel: [    0.347309] pci 0000:02:04.0: reg 0x24: [mem 0xfd5ee000-0xfd5eefff]
Jan 29 17:42:40 cu-cs-vm kernel: [    0.347981] pci 0000:02:04.0: reg 0x30: [mem 0x00000000-0x0000ffff pref]
Jan 29 17:42:40 cu-cs-vm kernel: [    0.348818] pci 0000:02:04.0: PME# supported from D3hot
Jan 29 17:42:40 cu-cs-vm kernel: [    0.349788] pci 0000:00:11.0: PCI bridge to [bus 02] (subtractive decode)
Jan 29 17:42:40 cu-cs-vm kernel: [    0.349910] pci 0000:00:11.0:   bridge window [io  0x2000-0x3fff]
Jan 29 17:42:40 cu-cs-vm kernel: [    0.349953] pci 0000:00:11.0:   bridge window [mem 0xfd500000-0xfdffffff]
Jan 29 17:42:40 cu-cs-vm kernel: [    0.350036] pci 0000:00:11.0:   bridge window [mem 0xe7b00000-0xe7ffffff 64bit pref]
Jan 29 17:42:40 cu-cs-vm kernel: [    0.350037] pci 0000:00:11.0:   bridge window [mem 0x000a0000-0x000bffff window] (subtractive decode)
Jan 29 17:42:40 cu-cs-vm kernel: [    0.350038] pci 0000:00:11.0:   bridge window [mem 0x000cc000-0x000cffff window] (subtractive decode)
Jan 29 17:42:40 cu-cs-vm kernel: [    0.350039] pci 0000:00:11.0:   bridge window [mem 0x000d0000-0x000d3fff window] (subtractive decode)
Jan 29 17:42:40 cu-cs-vm kernel: [    0.350040] pci 0000:00:11.0:   bridge window [mem 0x000d4000-0x000d7fff window] (subtractive decode)
Jan 29 17:42:40 cu-cs-vm kernel: [    0.350041] pci 0000:00:11.0:   bridge window [mem 0x000d8000-0x000dbfff window] (subtractive decode)
Jan 29 17:42:40 cu-cs-vm kernel: [    0.350042] pci 0000:00:11.0:   bridge window [mem 0xc0000000-0xfebfffff window] (subtractive decode)
Jan 29 17:42:40 cu-cs-vm kernel: [    0.350043] pci 0000:00:11.0:   bridge window [io  0x0000-0x0cf7 window] (subtractive decode)
Jan 29 17:42:40 cu-cs-vm kernel: [    0.350044] pci 0000:00:11.0:   bridge window [io  0x0d00-0xfeff window] (subtractive decode)
Jan 29 17:42:40 cu-cs-vm kernel: [    0.350659] pci 0000:00:15.0: PCI bridge to [bus 03]
Jan 29 17:42:40 cu-cs-vm kernel: [    0.350762] pci 0000:00:15.0:   bridge window [io  0x4000-0x4fff]
Jan 29 17:42:40 cu-cs-vm kernel: [    0.350805] pci 0000:00:15.0:   bridge window [mem 0xfd400000-0xfd4fffff]
Jan 29 17:42:40 cu-cs-vm kernel: [    0.350887] pci 0000:00:15.0:   bridge window [mem 0xe7a00000-0xe7afffff 64bit pref]
Jan 29 17:42:40 cu-cs-vm kernel: [    0.351486] pci 0000:00:15.1: PCI bridge to [bus 04]
Jan 29 17:42:40 cu-cs-vm kernel: [    0.351588] pci 0000:00:15.1:   bridge window [io  0x8000-0x8fff]
Jan 29 17:42:40 cu-cs-vm kernel: [    0.351630] pci 0000:00:15.1:   bridge window [mem 0xfd000000-0xfd0fffff]
Jan 29 17:42:40 cu-cs-vm kernel: [    0.351713] pci 0000:00:15.1:   bridge window [mem 0xe7600000-0xe76fffff 64bit pref]
Jan 29 17:42:40 cu-cs-vm kernel: [    0.352364] pci 0000:00:15.2: PCI bridge to [bus 05]
Jan 29 17:42:40 cu-cs-vm kernel: [    0.352467] pci 0000:00:15.2:   bridge window [io  0xc000-0xcfff]
Jan 29 17:42:40 cu-cs-vm kernel: [    0.352510] pci 0000:00:15.2:   bridge window [mem 0xfcc00000-0xfccfffff]
Jan 29 17:42:40 cu-cs-vm kernel: [    0.352591] pci 0000:00:15.2:   bridge window [mem 0xe7200000-0xe72fffff 64bit pref]
Jan 29 17:42:40 cu-cs-vm kernel: [    0.353218] pci 0000:00:15.3: PCI bridge to [bus 06]
Jan 29 17:42:40 cu-cs-vm kernel: [    0.353360] pci 0000:00:15.3:   bridge window [mem 0xfc800000-0xfc8fffff]
Jan 29 17:42:40 cu-cs-vm kernel: [    0.353442] pci 0000:00:15.3:   bridge window [mem 0xe6e00000-0xe6efffff 64bit pref]
Jan 29 17:42:40 cu-cs-vm kernel: [    0.354033] pci 0000:00:15.4: PCI bridge to [bus 07]
Jan 29 17:42:40 cu-cs-vm kernel: [    0.354175] pci 0000:00:15.4:   bridge window [mem 0xfc400000-0xfc4fffff]
Jan 29 17:42:40 cu-cs-vm kernel: [    0.354256] pci 0000:00:15.4:   bridge window [mem 0xe6a00000-0xe6afffff 64bit pref]
Jan 29 17:42:40 cu-cs-vm kernel: [    0.354843] pci 0000:00:15.5: PCI bridge to [bus 08]
Jan 29 17:42:40 cu-cs-vm kernel: [    0.354978] pci 0000:00:15.5:   bridge window [mem 0xfc000000-0xfc0fffff]
Jan 29 17:42:40 cu-cs-vm kernel: [    0.355071] pci 0000:00:15.5:   bridge window [mem 0xe6600000-0xe66fffff 64bit pref]
Jan 29 17:42:40 cu-cs-vm kernel: [    0.355633] pci 0000:00:15.6: PCI bridge to [bus 09]
Jan 29 17:42:40 cu-cs-vm kernel: [    0.355769] pci 0000:00:15.6:   bridge window [mem 0xfbc00000-0xfbcfffff]
Jan 29 17:42:40 cu-cs-vm kernel: [    0.355848] pci 0000:00:15.6:   bridge window [mem 0xe6200000-0xe62fffff 64bit pref]
Jan 29 17:42:40 cu-cs-vm kernel: [    0.356405] pci 0000:00:15.7: PCI bridge to [bus 0a]
Jan 29 17:42:40 cu-cs-vm kernel: [    0.356541] pci 0000:00:15.7:   bridge window [mem 0xfb800000-0xfb8fffff]
Jan 29 17:42:40 cu-cs-vm kernel: [    0.356620] pci 0000:00:15.7:   bridge window [mem 0xe5e00000-0xe5efffff 64bit pref]
Jan 29 17:42:40 cu-cs-vm kernel: [    0.357268] pci 0000:00:16.0: PCI bridge to [bus 0b]
Jan 29 17:42:40 cu-cs-vm kernel: [    0.357366] pci 0000:00:16.0:   bridge window [io  0x5000-0x5fff]
Jan 29 17:42:40 cu-cs-vm kernel: [    0.357407] pci 0000:00:16.0:   bridge window [mem 0xfd300000-0xfd3fffff]
Jan 29 17:42:40 cu-cs-vm kernel: [    0.357486] pci 0000:00:16.0:   bridge window [mem 0xe7900000-0xe79fffff 64bit pref]
Jan 29 17:42:40 cu-cs-vm kernel: [    0.358057] pci 0000:00:16.1: PCI bridge to [bus 0c]
Jan 29 17:42:40 cu-cs-vm kernel: [    0.358154] pci 0000:00:16.1:   bridge window [io  0x9000-0x9fff]
Jan 29 17:42:40 cu-cs-vm kernel: [    0.358195] pci 0000:00:16.1:   bridge window [mem 0xfcf00000-0xfcffffff]
Jan 29 17:42:40 cu-cs-vm kernel: [    0.358275] pci 0000:00:16.1:   bridge window [mem 0xe7500000-0xe75fffff 64bit pref]
Jan 29 17:42:40 cu-cs-vm kernel: [    0.358843] pci 0000:00:16.2: PCI bridge to [bus 0d]
Jan 29 17:42:40 cu-cs-vm kernel: [    0.358939] pci 0000:00:16.2:   bridge window [io  0xd000-0xdfff]
Jan 29 17:42:40 cu-cs-vm kernel: [    0.358980] pci 0000:00:16.2:   bridge window [mem 0xfcb00000-0xfcbfffff]
Jan 29 17:42:40 cu-cs-vm kernel: [    0.359084] pci 0000:00:16.2:   bridge window [mem 0xe7100000-0xe71fffff 64bit pref]
Jan 29 17:42:40 cu-cs-vm kernel: [    0.359680] pci 0000:00:16.3: PCI bridge to [bus 0e]
Jan 29 17:42:40 cu-cs-vm kernel: [    0.359816] pci 0000:00:16.3:   bridge window [mem 0xfc700000-0xfc7fffff]
Jan 29 17:42:40 cu-cs-vm kernel: [    0.359895] pci 0000:00:16.3:   bridge window [mem 0xe6d00000-0xe6dfffff 64bit pref]
Jan 29 17:42:40 cu-cs-vm kernel: [    0.360456] pci 0000:00:16.4: PCI bridge to [bus 0f]
Jan 29 17:42:40 cu-cs-vm kernel: [    0.360825] pci 0000:00:16.4:   bridge window [mem 0xfc300000-0xfc3fffff]
Jan 29 17:42:40 cu-cs-vm kernel: [    0.360933] pci 0000:00:16.4:   bridge window [mem 0xe6900000-0xe69fffff 64bit pref]
Jan 29 17:42:40 cu-cs-vm kernel: [    0.361480] pci 0000:00:16.5: PCI bridge to [bus 10]
Jan 29 17:42:40 cu-cs-vm kernel: [    0.361613] pci 0000:00:16.5:   bridge window [mem 0xfbf00000-0xfbffffff]
Jan 29 17:42:40 cu-cs-vm kernel: [    0.361689] pci 0000:00:16.5:   bridge window [mem 0xe6500000-0xe65fffff 64bit pref]
Jan 29 17:42:40 cu-cs-vm kernel: [    0.362283] pci 0000:00:16.6: PCI bridge to [bus 11]
Jan 29 17:42:40 cu-cs-vm kernel: [    0.362421] pci 0000:00:16.6:   bridge window [mem 0xfbb00000-0xfbbfffff]
Jan 29 17:42:40 cu-cs-vm kernel: [    0.362500] pci 0000:00:16.6:   bridge window [mem 0xe6100000-0xe61fffff 64bit pref]
Jan 29 17:42:40 cu-cs-vm kernel: [    0.363069] pci 0000:00:16.7: PCI bridge to [bus 12]
Jan 29 17:42:40 cu-cs-vm kernel: [    0.363205] pci 0000:00:16.7:   bridge window [mem 0xfb700000-0xfb7fffff]
Jan 29 17:42:40 cu-cs-vm kernel: [    0.363284] pci 0000:00:16.7:   bridge window [mem 0xe5d00000-0xe5dfffff 64bit pref]
Jan 29 17:42:40 cu-cs-vm kernel: [    0.363906] pci 0000:00:17.0: PCI bridge to [bus 13]
Jan 29 17:42:40 cu-cs-vm kernel: [    0.364000] pci 0000:00:17.0:   bridge window [io  0x6000-0x6fff]
Jan 29 17:42:40 cu-cs-vm kernel: [    0.364046] pci 0000:00:17.0:   bridge window [mem 0xfd200000-0xfd2fffff]
Jan 29 17:42:40 cu-cs-vm kernel: [    0.364123] pci 0000:00:17.0:   bridge window [mem 0xe7800000-0xe78fffff 64bit pref]
Jan 29 17:42:40 cu-cs-vm kernel: [    0.364670] pci 0000:00:17.1: PCI bridge to [bus 14]
Jan 29 17:42:40 cu-cs-vm kernel: [    0.364971] pci 0000:00:17.1:   bridge window [io  0xa000-0xafff]
Jan 29 17:42:40 cu-cs-vm kernel: [    0.365033] pci 0000:00:17.1:   bridge window [mem 0xfce00000-0xfcefffff]
Jan 29 17:42:40 cu-cs-vm kernel: [    0.365146] pci 0000:00:17.1:   bridge window [mem 0xe7400000-0xe74fffff 64bit pref]
Jan 29 17:42:40 cu-cs-vm kernel: [    0.366282] pci 0000:00:17.2: PCI bridge to [bus 15]
Jan 29 17:42:40 cu-cs-vm kernel: [    0.366644] pci 0000:00:17.2:   bridge window [io  0xe000-0xefff]
Jan 29 17:42:40 cu-cs-vm kernel: [    0.366761] pci 0000:00:17.2:   bridge window [mem 0xfca00000-0xfcafffff]
Jan 29 17:42:40 cu-cs-vm kernel: [    0.367203] pci 0000:00:17.2:   bridge window [mem 0xe7000000-0xe70fffff 64bit pref]
Jan 29 17:42:40 cu-cs-vm kernel: [    0.368304] pci 0000:00:17.3: PCI bridge to [bus 16]
Jan 29 17:42:40 cu-cs-vm kernel: [    0.368534] pci 0000:00:17.3:   bridge window [mem 0xfc600000-0xfc6fffff]
Jan 29 17:42:40 cu-cs-vm kernel: [    0.368689] pci 0000:00:17.3:   bridge window [mem 0xe6c00000-0xe6cfffff 64bit pref]
Jan 29 17:42:40 cu-cs-vm kernel: [    0.370531] pci 0000:00:17.4: PCI bridge to [bus 17]
Jan 29 17:42:40 cu-cs-vm kernel: [    0.370688] pci 0000:00:17.4:   bridge window [mem 0xfc200000-0xfc2fffff]
Jan 29 17:42:40 cu-cs-vm kernel: [    0.370774] pci 0000:00:17.4:   bridge window [mem 0xe6800000-0xe68fffff 64bit pref]
Jan 29 17:42:40 cu-cs-vm kernel: [    0.371827] pci 0000:00:17.5: PCI bridge to [bus 18]
Jan 29 17:42:40 cu-cs-vm kernel: [    0.372053] pci 0000:00:17.5:   bridge window [mem 0xfbe00000-0xfbefffff]
Jan 29 17:42:40 cu-cs-vm kernel: [    0.372183] pci 0000:00:17.5:   bridge window [mem 0xe6400000-0xe64fffff 64bit pref]
Jan 29 17:42:40 cu-cs-vm kernel: [    0.373387] pci 0000:00:17.6: PCI bridge to [bus 19]
Jan 29 17:42:40 cu-cs-vm kernel: [    0.373639] pci 0000:00:17.6:   bridge window [mem 0xfba00000-0xfbafffff]
Jan 29 17:42:40 cu-cs-vm kernel: [    0.373803] pci 0000:00:17.6:   bridge window [mem 0xe6000000-0xe60fffff 64bit pref]
Jan 29 17:42:40 cu-cs-vm kernel: [    0.375278] pci 0000:00:17.7: PCI bridge to [bus 1a]
Jan 29 17:42:40 cu-cs-vm kernel: [    0.375499] pci 0000:00:17.7:   bridge window [mem 0xfb600000-0xfb6fffff]
Jan 29 17:42:40 cu-cs-vm kernel: [    0.375714] pci 0000:00:17.7:   bridge window [mem 0xe5c00000-0xe5cfffff 64bit pref]
Jan 29 17:42:40 cu-cs-vm kernel: [    0.376710] pci 0000:00:18.0: PCI bridge to [bus 1b]
Jan 29 17:42:40 cu-cs-vm kernel: [    0.376888] pci 0000:00:18.0:   bridge window [io  0x7000-0x7fff]
Jan 29 17:42:40 cu-cs-vm kernel: [    0.376942] pci 0000:00:18.0:   bridge window [mem 0xfd100000-0xfd1fffff]
Jan 29 17:42:40 cu-cs-vm kernel: [    0.377069] pci 0000:00:18.0:   bridge window [mem 0xe7700000-0xe77fffff 64bit pref]
Jan 29 17:42:40 cu-cs-vm kernel: [    0.378250] pci 0000:00:18.1: PCI bridge to [bus 1c]
Jan 29 17:42:40 cu-cs-vm kernel: [    0.378425] pci 0000:00:18.1:   bridge window [io  0xb000-0xbfff]
Jan 29 17:42:40 cu-cs-vm kernel: [    0.378482] pci 0000:00:18.1:   bridge window [mem 0xfcd00000-0xfcdfffff]
Jan 29 17:42:40 cu-cs-vm kernel: [    0.378638] pci 0000:00:18.1:   bridge window [mem 0xe7300000-0xe73fffff 64bit pref]
Jan 29 17:42:40 cu-cs-vm kernel: [    0.379847] pci 0000:00:18.2: PCI bridge to [bus 1d]
Jan 29 17:42:40 cu-cs-vm kernel: [    0.380102] pci 0000:00:18.2:   bridge window [mem 0xfc900000-0xfc9fffff]
Jan 29 17:42:40 cu-cs-vm kernel: [    0.380222] pci 0000:00:18.2:   bridge window [mem 0xe6f00000-0xe6ffffff 64bit pref]
Jan 29 17:42:40 cu-cs-vm kernel: [    0.381322] pci 0000:00:18.3: PCI bridge to [bus 1e]
Jan 29 17:42:40 cu-cs-vm kernel: [    0.381506] pci 0000:00:18.3:   bridge window [mem 0xfc500000-0xfc5fffff]
Jan 29 17:42:40 cu-cs-vm kernel: [    0.381594] pci 0000:00:18.3:   bridge window [mem 0xe6b00000-0xe6bfffff 64bit pref]
Jan 29 17:42:40 cu-cs-vm kernel: [    0.382379] pci 0000:00:18.4: PCI bridge to [bus 1f]
Jan 29 17:42:40 cu-cs-vm kernel: [    0.382567] pci 0000:00:18.4:   bridge window [mem 0xfc100000-0xfc1fffff]
Jan 29 17:42:40 cu-cs-vm kernel: [    0.382666] pci 0000:00:18.4:   bridge window [mem 0xe6700000-0xe67fffff 64bit pref]
Jan 29 17:42:40 cu-cs-vm kernel: [    0.383518] pci 0000:00:18.5: PCI bridge to [bus 20]
Jan 29 17:42:40 cu-cs-vm kernel: [    0.383741] pci 0000:00:18.5:   bridge window [mem 0xfbd00000-0xfbdfffff]
Jan 29 17:42:40 cu-cs-vm kernel: [    0.383846] pci 0000:00:18.5:   bridge window [mem 0xe6300000-0xe63fffff 64bit pref]
Jan 29 17:42:40 cu-cs-vm kernel: [    0.385070] pci 0000:00:18.6: PCI bridge to [bus 21]
Jan 29 17:42:40 cu-cs-vm kernel: [    0.385311] pci 0000:00:18.6:   bridge window [mem 0xfb900000-0xfb9fffff]
Jan 29 17:42:40 cu-cs-vm kernel: [    0.385463] pci 0000:00:18.6:   bridge window [mem 0xe5f00000-0xe5ffffff 64bit pref]
Jan 29 17:42:40 cu-cs-vm kernel: [    0.386695] pci 0000:00:18.7: PCI bridge to [bus 22]
Jan 29 17:42:40 cu-cs-vm kernel: [    0.386968] pci 0000:00:18.7:   bridge window [mem 0xfb500000-0xfb5fffff]
Jan 29 17:42:40 cu-cs-vm kernel: [    0.387053] pci 0000:00:18.7:   bridge window [mem 0xe5b00000-0xe5bfffff 64bit pref]
Jan 29 17:42:40 cu-cs-vm kernel: [    0.397333] ACPI: PCI Interrupt Link [LNKA] (IRQs 3 4 5 6 7 *9 10 11 14 15)
Jan 29 17:42:40 cu-cs-vm kernel: [    0.397613] ACPI: PCI Interrupt Link [LNKB] (IRQs 3 4 5 6 7 9 10 *11 14 15)
Jan 29 17:42:40 cu-cs-vm kernel: [    0.397894] ACPI: PCI Interrupt Link [LNKC] (IRQs 3 4 5 6 7 9 *10 11 14 15)
Jan 29 17:42:40 cu-cs-vm kernel: [    0.398260] ACPI: PCI Interrupt Link [LNKD] (IRQs 3 4 5 6 *7 9 10 11 14 15)
Jan 29 17:42:40 cu-cs-vm kernel: [    0.441461] SCSI subsystem initialized
Jan 29 17:42:40 cu-cs-vm kernel: [    0.441617] libata version 3.00 loaded.
Jan 29 17:42:40 cu-cs-vm kernel: [    0.441617] pci 0000:00:0f.0: vgaarb: setting as boot VGA device
Jan 29 17:42:40 cu-cs-vm kernel: [    0.441617] pci 0000:00:0f.0: vgaarb: VGA device added: decodes=io+mem,owns=io+mem,locks=none
Jan 29 17:42:40 cu-cs-vm kernel: [    0.441617] pci 0000:00:0f.0: vgaarb: bridge control possible
Jan 29 17:42:40 cu-cs-vm kernel: [    0.441617] vgaarb: loaded
Jan 29 17:42:40 cu-cs-vm kernel: [    0.441617] ACPI: bus type USB registered
Jan 29 17:42:40 cu-cs-vm kernel: [    0.441617] usbcore: registered new interface driver usbfs
Jan 29 17:42:40 cu-cs-vm kernel: [    0.441617] usbcore: registered new interface driver hub
Jan 29 17:42:40 cu-cs-vm kernel: [    0.441617] usbcore: registered new device driver usb
Jan 29 17:42:40 cu-cs-vm kernel: [    0.441617] EDAC MC: Ver: 3.0.0
Jan 29 17:42:40 cu-cs-vm kernel: [    0.448090] PCI: Using ACPI for IRQ routing
Jan 29 17:42:40 cu-cs-vm kernel: [    0.454150] PCI: pci_cache_line_size set to 64 bytes
Jan 29 17:42:40 cu-cs-vm kernel: [    0.459011] e820: reserve RAM buffer [mem 0x0009e800-0x0009ffff]
Jan 29 17:42:40 cu-cs-vm kernel: [    0.459015] e820: reserve RAM buffer [mem 0x7fee0000-0x7fffffff]
Jan 29 17:42:40 cu-cs-vm kernel: [    0.459287] NetLabel: Initializing
Jan 29 17:42:40 cu-cs-vm kernel: [    0.459360] NetLabel:  domain hash size = 128
Jan 29 17:42:40 cu-cs-vm kernel: [    0.459414] NetLabel:  protocols = UNLABELED CIPSOv4 CALIPSO
Jan 29 17:42:40 cu-cs-vm kernel: [    0.459517] NetLabel:  unlabeled traffic allowed by default
Jan 29 17:42:40 cu-cs-vm kernel: [    0.461287] clocksource: Switched to clocksource refined-jiffies
Jan 29 17:42:40 cu-cs-vm kernel: [    0.492562] VFS: Disk quotas dquot_6.6.0
Jan 29 17:42:40 cu-cs-vm kernel: [    0.492669] VFS: Dquot-cache hash table entries: 512 (order 0, 4096 bytes)
Jan 29 17:42:40 cu-cs-vm kernel: [    0.492910] AppArmor: AppArmor Filesystem Enabled
Jan 29 17:42:40 cu-cs-vm kernel: [    0.492998] pnp: PnP ACPI init
Jan 29 17:42:40 cu-cs-vm kernel: [    0.493450] system 00:00: [io  0x1000-0x103f] has been reserved
Jan 29 17:42:40 cu-cs-vm kernel: [    0.493565] system 00:00: [io  0x1040-0x104f] has been reserved
Jan 29 17:42:40 cu-cs-vm kernel: [    0.493654] system 00:00: [io  0x0cf0-0x0cf1] has been reserved
